
> tdf-hq-ui@0.1.0 test
> NODE_OPTIONS=--experimental-vm-modules jest --runInBand --runInBand src/pages/ArtistOnboardingPage.test.tsx

[TESTOMATIO] Testomatio Reporter v2.12.0
[TESTOMATIO] Pipes: No pipes enabled
[TESTOMATIO] If you want to use Testomatio reporter, pass your token as TESTOMATIO env variable
(node:70081) ExperimentalWarning: VM Modules is an experimental feature and might change at any time
(Use `node --trace-warnings ...` to show where the warning was created)
  console.error
    Warning: An update to MemoryRouter inside a test was not wrapped in act(...).
    
    When testing, code that causes React state updates should be wrapped into act(...):
    
    act(() => {
      /* fire events that update state */
    });
    /* assert on the output */
    
    This ensures that you're testing the behavior the user would see in the browser. Learn more at https://reactjs.org/link/wrap-tests-with-act
        at MemoryRouter (/Users/diegosaa/GitHub/tdf-app-ux-continuation/node_modules/react-router/dist/development/chunk-HHGH3NKS.js:9811:3)

      73 |         remember,
      74 |       });
    > 75 |       navigate('/mi-artista');
         |       ^
      76 |     } catch (error) {
      77 |       if (isCurrent()) setActivationError(error instanceof Error ? error.message : 'No pudimos crear tu perfil. Inténtalo de nuevo.');
      78 |     } finally {

      at printWarning (../../tdf-app-ux-continuation/tdf-hq-ui/node_modules/react-dom/cjs/react-dom.development.js:86:30)
      at error (../../tdf-app-ux-continuation/tdf-hq-ui/node_modules/react-dom/cjs/react-dom.development.js:60:7)
      at warnIfUpdatesNotWrappedWithActDEV (../../tdf-app-ux-continuation/tdf-hq-ui/node_modules/react-dom/cjs/react-dom.development.js:27628:9)
      at scheduleUpdateOnFiber (../../tdf-app-ux-continuation/tdf-hq-ui/node_modules/react-dom/cjs/react-dom.development.js:25547:5)
      at dispatchSetState (../../tdf-app-ux-continuation/tdf-hq-ui/node_modules/react-dom/cjs/react-dom.development.js:16708:7)
      at ../../tdf-app-ux-continuation/node_modules/react-router/dist/development/chunk-HHGH3NKS.js:9835:38
      at Object.startTransition (../../tdf-app-ux-continuation/tdf-hq-ui/node_modules/react/cjs/react.development.js:2433:5)
      at ../../tdf-app-ux-continuation/node_modules/react-router/dist/development/chunk-HHGH3NKS.js:9835:16
      at push (../../tdf-app-ux-continuation/node_modules/react-router/dist/development/chunk-HHGH3NKS.js:106:9)
      at ../../tdf-app-ux-continuation/node_modules/react-router/dist/development/chunk-HHGH3NKS.js:7198:63
      at activateProfile (src/pages/ArtistOnboardingPage.tsx:75:7)

  console.error
    Warning: An update to ArtistOnboardingPage inside a test was not wrapped in act(...).
    
    When testing, code that causes React state updates should be wrapped into act(...):
    
    act(() => {
      /* fire events that update state */
    });
    /* assert on the output */
    
    This ensures that you're testing the behavior the user would see in the browser. Learn more at https://reactjs.org/link/wrap-tests-with-act
        at ArtistOnboardingPage (/Users/diegosaa/GitHub/tdf-app-ux-artist/tdf-hq-ui/src/pages/ArtistOnboardingPage.tsx:34:20)
        at RenderedRoute (/Users/diegosaa/GitHub/tdf-app-ux-continuation/node_modules/react-router/dist/development/chunk-HHGH3NKS.js:7468:26)
        at Routes (/Users/diegosaa/GitHub/tdf-app-ux-continuation/node_modules/react-router/dist/development/chunk-HHGH3NKS.js:9956:3)
        at Router (/Users/diegosaa/GitHub/tdf-app-ux-continuation/node_modules/react-router/dist/development/chunk-HHGH3NKS.js:9895:13)
        at MemoryRouter (/Users/diegosaa/GitHub/tdf-app-ux-continuation/node_modules/react-router/dist/development/chunk-HHGH3NKS.js:9811:3)

      78 |     } finally {
      79 |       if (flight.current === session) flight.current = null;
    > 80 |       if (isCurrent()) setActivating(false);
         |                        ^
      81 |     }
      82 |   };
      83 |   const [searchParams] = useSearchParams();

      at printWarning (../../tdf-app-ux-continuation/tdf-hq-ui/node_modules/react-dom/cjs/react-dom.development.js:86:30)
      at error (../../tdf-app-ux-continuation/tdf-hq-ui/node_modules/react-dom/cjs/react-dom.development.js:60:7)
      at warnIfUpdatesNotWrappedWithActDEV (../../tdf-app-ux-continuation/tdf-hq-ui/node_modules/react-dom/cjs/react-dom.development.js:27628:9)
      at scheduleUpdateOnFiber (../../tdf-app-ux-continuation/tdf-hq-ui/node_modules/react-dom/cjs/react-dom.development.js:25547:5)
      at dispatchSetState (../../tdf-app-ux-continuation/tdf-hq-ui/node_modules/react-dom/cjs/react-dom.development.js:16708:7)
      at activateProfile (src/pages/ArtistOnboardingPage.tsx:80:24)

  console.error
    Warning: An update to MemoryRouter inside a test was not wrapped in act(...).
    
    When testing, code that causes React state updates should be wrapped into act(...):
    
    act(() => {
      /* fire events that update state */
    });
    /* assert on the output */
    
    This ensures that you're testing the behavior the user would see in the browser. Learn more at https://reactjs.org/link/wrap-tests-with-act
        at MemoryRouter (/Users/diegosaa/GitHub/tdf-app-ux-continuation/node_modules/react-router/dist/development/chunk-HHGH3NKS.js:9811:3)

      73 |         remember,
      74 |       });
    > 75 |       navigate('/mi-artista');
         |       ^
      76 |     } catch (error) {
      77 |       if (isCurrent()) setActivationError(error instanceof Error ? error.message : 'No pudimos crear tu perfil. Inténtalo de nuevo.');
      78 |     } finally {

      at printWarning (../../tdf-app-ux-continuation/tdf-hq-ui/node_modules/react-dom/cjs/react-dom.development.js:86:30)
      at error (../../tdf-app-ux-continuation/tdf-hq-ui/node_modules/react-dom/cjs/react-dom.development.js:60:7)
      at warnIfUpdatesNotWrappedWithActDEV (../../tdf-app-ux-continuation/tdf-hq-ui/node_modules/react-dom/cjs/react-dom.development.js:27628:9)
      at scheduleUpdateOnFiber (../../tdf-app-ux-continuation/tdf-hq-ui/node_modules/react-dom/cjs/react-dom.development.js:25547:5)
      at dispatchSetState (../../tdf-app-ux-continuation/tdf-hq-ui/node_modules/react-dom/cjs/react-dom.development.js:16708:7)
      at ../../tdf-app-ux-continuation/node_modules/react-router/dist/development/chunk-HHGH3NKS.js:9835:38
      at Object.startTransition (../../tdf-app-ux-continuation/tdf-hq-ui/node_modules/react/cjs/react.development.js:2433:5)
      at ../../tdf-app-ux-continuation/node_modules/react-router/dist/development/chunk-HHGH3NKS.js:9835:16
      at push (../../tdf-app-ux-continuation/node_modules/react-router/dist/development/chunk-HHGH3NKS.js:106:9)
      at ../../tdf-app-ux-continuation/node_modules/react-router/dist/development/chunk-HHGH3NKS.js:7198:63
      at activateProfile (src/pages/ArtistOnboardingPage.tsx:75:7)

  console.error
    Warning: An update to ArtistOnboardingPage inside a test was not wrapped in act(...).
    
    When testing, code that causes React state updates should be wrapped into act(...):
    
    act(() => {
      /* fire events that update state */
    });
    /* assert on the output */
    
    This ensures that you're testing the behavior the user would see in the browser. Learn more at https://reactjs.org/link/wrap-tests-with-act
        at ArtistOnboardingPage (/Users/diegosaa/GitHub/tdf-app-ux-artist/tdf-hq-ui/src/pages/ArtistOnboardingPage.tsx:34:20)
        at RenderedRoute (/Users/diegosaa/GitHub/tdf-app-ux-continuation/node_modules/react-router/dist/development/chunk-HHGH3NKS.js:7468:26)
        at Routes (/Users/diegosaa/GitHub/tdf-app-ux-continuation/node_modules/react-router/dist/development/chunk-HHGH3NKS.js:9956:3)
        at Router (/Users/diegosaa/GitHub/tdf-app-ux-continuation/node_modules/react-router/dist/development/chunk-HHGH3NKS.js:9895:13)
        at MemoryRouter (/Users/diegosaa/GitHub/tdf-app-ux-continuation/node_modules/react-router/dist/development/chunk-HHGH3NKS.js:9811:3)

      78 |     } finally {
      79 |       if (flight.current === session) flight.current = null;
    > 80 |       if (isCurrent()) setActivating(false);
         |                        ^
      81 |     }
      82 |   };
      83 |   const [searchParams] = useSearchParams();

      at printWarning (../../tdf-app-ux-continuation/tdf-hq-ui/node_modules/react-dom/cjs/react-dom.development.js:86:30)
      at error (../../tdf-app-ux-continuation/tdf-hq-ui/node_modules/react-dom/cjs/react-dom.development.js:60:7)
      at warnIfUpdatesNotWrappedWithActDEV (../../tdf-app-ux-continuation/tdf-hq-ui/node_modules/react-dom/cjs/react-dom.development.js:27628:9)
      at scheduleUpdateOnFiber (../../tdf-app-ux-continuation/tdf-hq-ui/node_modules/react-dom/cjs/react-dom.development.js:25547:5)
      at dispatchSetState (../../tdf-app-ux-continuation/tdf-hq-ui/node_modules/react-dom/cjs/react-dom.development.js:16708:7)
      at activateProfile (src/pages/ArtistOnboardingPage.tsx:80:24)

FAIL src/pages/ArtistOnboardingPage.test.tsx (5.01 s)
  ✓ activates a customer profile immediately, refreshes server roles and opens the editor (384 ms)
  ✓ keeps the user on the activation screen when activation fails (83 ms)
  ✓ does not overwrite a different account after an in-flight activation (104 ms)
  ✓ offers signup to guests without activating any profile (41 ms)
  ✓ keeps the authenticated Customer account and offers reviewed management for the selected artist (109 ms)
  ✓ keeps the authenticated Artist account and offers reviewed management for the selected artist (57 ms)
  ✓ preserves a guest claim through both signup and login (46 ms)
  ✓ opens the persisted artist profile when optional session storage is inaccessible (91 ms)
  ✓ rejects a stale activation result after credential rotation in the same account (90 ms)
  ✓ requires the persisted Artist role before opening the editor (50 ms)
  ✓ coalesces duplicate activation commands in the same turn (52 ms)
  ✕ ignores activation receipts after switching to a claim and back (153 ms)
  ✕ ignores refresh receipts after switching to a claim and back (146 ms)

  ● ignores activation receipts after switching to a claim and back

    expect(jest.fn()).not.toHaveBeenCalled()

    Expected number of calls: 0
    Received number of calls: 1

    1: {"apiToken": undefined, "displayName": "Artist", "partyId": 42, "roles": ["Customer", "Artist"], "username": "artist"}, {"remember": true}

      162 |   finish({ ...session!, roles: ['Artist'], apArtistId: 42 });
      163 |   await new Promise(resolve => setTimeout(resolve, 0));
    > 164 |   expect(login).not.toHaveBeenCalled();
          |                     ^
      165 |   expect(screen.queryByText('Editor de artista')).not.toBeInTheDocument();
      166 |   if (phase === 'activation') expect(get).not.toHaveBeenCalled();
      167 | });

      at src/pages/ArtistOnboardingPage.test.tsx:164:21

  ● ignores refresh receipts after switching to a claim and back

    expect(jest.fn()).not.toHaveBeenCalled()

    Expected number of calls: 0
    Received number of calls: 1

    1: {"apArtistId": 42, "apiToken": undefined, "displayName": "Artist", "partyId": 42, "roles": ["Artist"], "username": "artist"}, {"remember": true}

      162 |   finish({ ...session!, roles: ['Artist'], apArtistId: 42 });
      163 |   await new Promise(resolve => setTimeout(resolve, 0));
    > 164 |   expect(login).not.toHaveBeenCalled();
          |                     ^
      165 |   expect(screen.queryByText('Editor de artista')).not.toBeInTheDocument();
      166 |   if (phase === 'activation') expect(get).not.toHaveBeenCalled();
      167 | });

      at src/pages/ArtistOnboardingPage.test.tsx:164:21

Test Suites: 1 failed, 1 total
Tests:       2 failed, 11 passed, 13 total
Snapshots:   0 total
Time:        6.65 s
Ran all test suites matching src/pages/ArtistOnboardingPage.test.tsx.
npm error Lifecycle script `test` failed with error:
npm error code 1
npm error path /Users/diegosaa/GitHub/tdf-app-ux-artist/tdf-hq-ui
npm error workspace tdf-hq-ui@0.1.0
npm error location /Users/diegosaa/GitHub/tdf-app-ux-artist/tdf-hq-ui
npm error command failed
npm error command sh -c NODE_OPTIONS=--experimental-vm-modules jest --runInBand --runInBand src/pages/ArtistOnboardingPage.test.tsx
