
> tdf-app@0.2.0 test:e2e:web
> playwright test --grep PW-PER --project chromium-desktop --project chromium-phone --project chromium-tablet --project firefox-critical --project webkit-critical

[1A[2K[2m[WebServer] [22m(node:37722) Warning: The 'NO_COLOR' env is ignored due to the 'FORCE_COLOR' env being set.
[2m[WebServer] [22m(Use `node --trace-warnings ...` to show where the warning was created)

[1A[2K[2m[WebServer] [22m[plugin vite:reporter] 
[2m[WebServer] [22m(!) /private/tmp/tdf-ux-ui-20260917/tdf-hq-ui/src/analytics/onboardingProgress.ts is dynamically imported by /private/tmp/tdf-ux-ui-20260917/tdf-hq-ui/src/session/OnboardingRecovery.tsx but also statically imported by /private/tmp/tdf-ux-ui-20260917/tdf-hq-ui/src/pages/AccessRequestsPage.tsx, /private/tmp/tdf-ux-ui-20260917/tdf-hq-ui/src/pages/ArtistPublicPage.tsx, /private/tmp/tdf-ux-ui-20260917/tdf-hq-ui/src/pages/DirectorySearchPage.tsx, /private/tmp/tdf-ux-ui-20260917/tdf-hq-ui/src/pages/FanHubPage.tsx, /private/tmp/tdf-ux-ui-20260917/tdf-hq-ui/src/session/SessionContext.tsx, dynamic import will not move module into another chunk.
[2m[WebServer] [22m

[1A[2K[2m[WebServer] [22m
[2m[WebServer] [22m(!) Some chunks are larger than 500 kB after minification. Consider:
[2m[WebServer] [22m- Using dynamic import() to code-split the application
[2m[WebServer] [22m- Use build.rollupOptions.output.manualChunks to improve chunking: https://rollupjs.org/configuration-options/#output-manualchunks
[2m[WebServer] [22m- Adjust chunk size limit for this warning via build.chunkSizeWarningLimit.

[1A[2K[2m[WebServer] [22m(node:37797) Warning: The 'NO_COLOR' env is ignored due to the 'FORCE_COLOR' env being set.
[2m[WebServer] [22m(Use `node --trace-warnings ...` to show where the warning was created)

[1A[2K[2m[WebServer] [22m(node:37814) Warning: The 'NO_COLOR' env is ignored due to the 'FORCE_COLOR' env being set.
[2m[WebServer] [22m(Use `node --trace-warnings ...` to show where the warning was created)


Running 42 tests using 1 worker

[1A[2K(node:37822) Warning: The 'NO_COLOR' env is ignored due to the 'FORCE_COLOR' env being set.
(Use `node --trace-warnings ...` to show where the warning was created)


[1A[2K(node:37822) Warning: The 'NO_COLOR' env is ignored due to the 'FORCE_COLOR' env being set.
(Use `node --trace-warnings ...` to show where the warning was created)


[1A[2K[1/42] [chromium-desktop] › e2e/web/persona-public.spec.mjs:217:3 › @critical PW-PER-STORAGE keeps login available when browser storage denies operations
[1A[2K[2/42] [chromium-desktop] › e2e/web/persona-public.spec.mjs:217:3 › @critical PW-PER-STORAGE keeps login available when browser storage denies access
[1A[2K[3/42] [chromium-desktop] › e2e/web/persona-public.spec.mjs:243:1 › @critical PW-PER-01-AUTH redirects protected URLs and explains rejected login
[1A[2K[4/42] [chromium-desktop] › e2e/web/persona-public.spec.mjs:265:1 › PW-PER-01-AUTH registers a fictional user through the UI
[1A[2K[5/42] [chromium-desktop] › e2e/web/persona-public.spec.mjs:299:1 › PW-PER-01-AUTH keeps signup labels readable in light theme
[1A[2K[6/42] [chromium-desktop] › e2e/web/persona-public.spec.mjs:308:1 › PW-PER-01-AUTH reports a reset transport failure instead of false success
[1A[2K[7/42] [chromium-desktop] › e2e/web/persona-public.spec.mjs:320:1 › PW-PER-01-DISCOVERY completes public city discovery and preserves search state
[1A[2K[8/42] [chromium-desktop] › e2e/web/persona-public.spec.mjs:338:1 › PW-PER-01-DISCOVERY reflows at an effective 320 CSS pixel viewport
[1A[2K[9/42] [chromium-desktop] › e2e/web/persona-public.spec.mjs:350:1 › PW-PER-01-TICKET-OFFER distinguishes a guest hold from payment and issuance
[1A[2K[10/42] [chromium-desktop] › e2e/web/persona-public.spec.mjs:384:1 › PW-PER-01-DOMO retries one truthful manual request in Ecuador time
[1A[2K[11/42] [chromium-desktop] › e2e/web/persona-public.spec.mjs:543:1 › PW-PER-01-BOOKING keeps legacy confirmation on customer-safe public actions
[1A[2K[12/42] [chromium-desktop] › e2e/web/persona-public.spec.mjs:646:1 › PW-PER-01-MARKETPLACE removes fake notification capture and persistent contact data
[1A[2K(node:38104) Warning: The 'NO_COLOR' env is ignored due to the 'FORCE_COLOR' env being set.
(Use `node --trace-warnings ...` to show where the warning was created)


[1A[2K(node:38104) Warning: The 'NO_COLOR' env is ignored due to the 'FORCE_COLOR' env being set.
(Use `node --trace-warnings ...` to show where the warning was created)


[1A[2K[13/42] [chromium-phone] › e2e/web/persona-public.spec.mjs:217:3 › @critical PW-PER-STORAGE keeps login available when browser storage denies operations
[1A[2K[14/42] [chromium-phone] › e2e/web/persona-public.spec.mjs:217:3 › @critical PW-PER-STORAGE keeps login available when browser storage denies access
[1A[2K[15/42] [chromium-phone] › e2e/web/persona-public.spec.mjs:243:1 › @critical PW-PER-01-AUTH redirects protected URLs and explains rejected login
[1A[2K[16/42] [chromium-phone] › e2e/web/persona-public.spec.mjs:265:1 › PW-PER-01-AUTH registers a fictional user through the UI
[1A[2K[17/42] [chromium-phone] › e2e/web/persona-public.spec.mjs:299:1 › PW-PER-01-AUTH keeps signup labels readable in light theme
[1A[2K[18/42] [chromium-phone] › e2e/web/persona-public.spec.mjs:308:1 › PW-PER-01-AUTH reports a reset transport failure instead of false success
[1A[2K[19/42] [chromium-phone] › e2e/web/persona-public.spec.mjs:320:1 › PW-PER-01-DISCOVERY completes public city discovery and preserves search state
[1A[2K[20/42] [chromium-phone] › e2e/web/persona-public.spec.mjs:338:1 › PW-PER-01-DISCOVERY reflows at an effective 320 CSS pixel viewport
[1A[2K[21/42] [chromium-phone] › e2e/web/persona-public.spec.mjs:350:1 › PW-PER-01-TICKET-OFFER distinguishes a guest hold from payment and issuance
[1A[2K[22/42] [chromium-phone] › e2e/web/persona-public.spec.mjs:384:1 › PW-PER-01-DOMO retries one truthful manual request in Ecuador time
[1A[2K[23/42] [chromium-phone] › e2e/web/persona-public.spec.mjs:543:1 › PW-PER-01-BOOKING keeps legacy confirmation on customer-safe public actions
[1A[2K[24/42] [chromium-phone] › e2e/web/persona-public.spec.mjs:646:1 › PW-PER-01-MARKETPLACE removes fake notification capture and persistent contact data
[1A[2K(node:38377) Warning: The 'NO_COLOR' env is ignored due to the 'FORCE_COLOR' env being set.
(Use `node --trace-warnings ...` to show where the warning was created)


[1A[2K(node:38377) Warning: The 'NO_COLOR' env is ignored due to the 'FORCE_COLOR' env being set.
(Use `node --trace-warnings ...` to show where the warning was created)


[1A[2K[25/42] [chromium-tablet] › e2e/web/persona-public.spec.mjs:217:3 › @critical PW-PER-STORAGE keeps login available when browser storage denies operations
[1A[2K[26/42] [chromium-tablet] › e2e/web/persona-public.spec.mjs:217:3 › @critical PW-PER-STORAGE keeps login available when browser storage denies access
[1A[2K[27/42] [chromium-tablet] › e2e/web/persona-public.spec.mjs:243:1 › @critical PW-PER-01-AUTH redirects protected URLs and explains rejected login
[1A[2K[28/42] [chromium-tablet] › e2e/web/persona-public.spec.mjs:265:1 › PW-PER-01-AUTH registers a fictional user through the UI
[1A[2K[29/42] [chromium-tablet] › e2e/web/persona-public.spec.mjs:299:1 › PW-PER-01-AUTH keeps signup labels readable in light theme
[1A[2K[30/42] [chromium-tablet] › e2e/web/persona-public.spec.mjs:308:1 › PW-PER-01-AUTH reports a reset transport failure instead of false success
[1A[2K[31/42] [chromium-tablet] › e2e/web/persona-public.spec.mjs:320:1 › PW-PER-01-DISCOVERY completes public city discovery and preserves search state
[1A[2K[32/42] [chromium-tablet] › e2e/web/persona-public.spec.mjs:338:1 › PW-PER-01-DISCOVERY reflows at an effective 320 CSS pixel viewport
[1A[2K[33/42] [chromium-tablet] › e2e/web/persona-public.spec.mjs:350:1 › PW-PER-01-TICKET-OFFER distinguishes a guest hold from payment and issuance
[1A[2K[34/42] [chromium-tablet] › e2e/web/persona-public.spec.mjs:384:1 › PW-PER-01-DOMO retries one truthful manual request in Ecuador time
[1A[2K[35/42] [chromium-tablet] › e2e/web/persona-public.spec.mjs:543:1 › PW-PER-01-BOOKING keeps legacy confirmation on customer-safe public actions
[1A[2K[36/42] [chromium-tablet] › e2e/web/persona-public.spec.mjs:646:1 › PW-PER-01-MARKETPLACE removes fake notification capture and persistent contact data
[1A[2K(node:41611) Warning: The 'NO_COLOR' env is ignored due to the 'FORCE_COLOR' env being set.
(Use `node --trace-warnings ...` to show where the warning was created)


[1A[2K(node:41611) Warning: The 'NO_COLOR' env is ignored due to the 'FORCE_COLOR' env being set.
(Use `node --trace-warnings ...` to show where the warning was created)


[1A[2K[37/42] [firefox-critical] › e2e/web/persona-public.spec.mjs:217:3 › @critical PW-PER-STORAGE keeps login available when browser storage denies operations
[1A[2K[38/42] [firefox-critical] › e2e/web/persona-public.spec.mjs:217:3 › @critical PW-PER-STORAGE keeps login available when browser storage denies access
[1A[2K[39/42] [firefox-critical] › e2e/web/persona-public.spec.mjs:243:1 › @critical PW-PER-01-AUTH redirects protected URLs and explains rejected login
[1A[2K(node:42680) Warning: The 'NO_COLOR' env is ignored due to the 'FORCE_COLOR' env being set.
(Use `node --trace-warnings ...` to show where the warning was created)


[1A[2K(node:42680) Warning: The 'NO_COLOR' env is ignored due to the 'FORCE_COLOR' env being set.
(Use `node --trace-warnings ...` to show where the warning was created)


[1A[2K[40/42] [webkit-critical] › e2e/web/persona-public.spec.mjs:217:3 › @critical PW-PER-STORAGE keeps login available when browser storage denies operations
[1A[2K[41/42] [webkit-critical] › e2e/web/persona-public.spec.mjs:217:3 › @critical PW-PER-STORAGE keeps login available when browser storage denies access
[1A[2K[42/42] [webkit-critical] › e2e/web/persona-public.spec.mjs:243:1 › @critical PW-PER-01-AUTH redirects protected URLs and explains rejected login
[1A[2K  4 skipped
  38 passed (3.5m)
