
> tdf-hq-ui@0.1.0 test
> NODE_OPTIONS=--experimental-vm-modules jest --runInBand --runTestsByPath src/contexts/LocalePreferencesContext.storage.test.tsx

[TESTOMATIO] Testomatio Reporter v2.12.0
[TESTOMATIO] Pipes: No pipes enabled
[TESTOMATIO] If you want to use Testomatio reporter, pass your token as TESTOMATIO env variable
(node:91281) ExperimentalWarning: VM Modules is an experimental feature and might change at any time
(Use `node --trace-warnings ...` to show where the warning was created)
  console.error
    Warning: An update to LocalePreferencesProvider inside a test was not wrapped in act(...).
    
    When testing, code that causes React state updates should be wrapped into act(...):
    
    act(() => {
      /* fire events that update state */
    });
    /* assert on the output */
    
    This ensures that you're testing the behavior the user would see in the browser. Learn more at https://reactjs.org/link/wrap-tests-with-act
        at LocalePreferencesProvider (/private/tmp/tdf-ux-ui-20260917/tdf-hq-ui/src/contexts/LocalePreferencesContext.tsx:105:45)
        at QueryClientProvider (/private/tmp/tdf-ux-ui-20260917/node_modules/@tanstack/react-query/src/QueryClientProvider.tsx:30:3)
        at ErrorBoundary (/private/tmp/tdf-ux-ui-20260917/tdf-hq-ui/src/contexts/LocalePreferencesContext.storage.test.tsx:21:1)

      at printWarning (node_modules/react-dom/cjs/react-dom.development.js:86:30)
      at error (node_modules/react-dom/cjs/react-dom.development.js:60:7)
      at warnIfUpdatesNotWrappedWithActDEV (node_modules/react-dom/cjs/react-dom.development.js:27628:9)
      at scheduleUpdateOnFiber (node_modules/react-dom/cjs/react-dom.development.js:25547:5)
      at forceStoreRerender (node_modules/react-dom/cjs/react-dom.development.js:16158:5)
      at handleStoreChange (node_modules/react-dom/cjs/react-dom.development.js:16134:7)
      at ../node_modules/@tanstack/query-core/src/notifyManager.ts:73:11
      at notifyFn (../node_modules/@tanstack/query-core/src/notifyManager.ts:21:5)
      at ../node_modules/@tanstack/query-core/src/notifyManager.ts:44:13
          at Array.forEach (<anonymous>)
      at ../node_modules/@tanstack/query-core/src/notifyManager.ts:43:25
      at batchNotifyFn (../node_modules/@tanstack/query-core/src/notifyManager.ts:24:5)
      at ../node_modules/@tanstack/query-core/src/notifyManager.ts:42:9
      at Timeout.task [as _onTimeout] (../node_modules/jsdom/lib/jsdom/browser/Window.js:579:19)

  console.error
    Warning: An update to LocalePreferencesProvider inside a test was not wrapped in act(...).
    
    When testing, code that causes React state updates should be wrapped into act(...):
    
    act(() => {
      /* fire events that update state */
    });
    /* assert on the output */
    
    This ensures that you're testing the behavior the user would see in the browser. Learn more at https://reactjs.org/link/wrap-tests-with-act
        at LocalePreferencesProvider (/private/tmp/tdf-ux-ui-20260917/tdf-hq-ui/src/contexts/LocalePreferencesContext.tsx:105:45)
        at QueryClientProvider (/private/tmp/tdf-ux-ui-20260917/node_modules/@tanstack/react-query/src/QueryClientProvider.tsx:30:3)
        at ErrorBoundary (/private/tmp/tdf-ux-ui-20260917/tdf-hq-ui/src/contexts/LocalePreferencesContext.storage.test.tsx:21:1)

      135 |   const apply = useCallback((next: LocalePreferences) => {
      136 |     const normalized = normalizePreferences(next, defaults());
    > 137 |     setPreferences(normalized);
          |     ^
      138 |     if (typeof window !== 'undefined') {
      139 |       window.localStorage.setItem(STORAGE_KEY, JSON.stringify(normalized));
      140 |       window.localStorage.setItem(LOCALE_STORAGE_KEY, normalized.locale);

      at printWarning (node_modules/react-dom/cjs/react-dom.development.js:86:30)
      at error (node_modules/react-dom/cjs/react-dom.development.js:60:7)
      at warnIfUpdatesNotWrappedWithActDEV (node_modules/react-dom/cjs/react-dom.development.js:27628:9)
      at scheduleUpdateOnFiber (node_modules/react-dom/cjs/react-dom.development.js:25547:5)
      at dispatchSetState (node_modules/react-dom/cjs/react-dom.development.js:16708:7)
      at src/contexts/LocalePreferencesContext.tsx:137:5
      at src/contexts/LocalePreferencesContext.tsx:166:5
      at commitHookEffectListMount (node_modules/react-dom/cjs/react-dom.development.js:23189:26)
      at commitPassiveMountOnFiber (node_modules/react-dom/cjs/react-dom.development.js:24970:11)
      at commitPassiveMountEffects_complete (node_modules/react-dom/cjs/react-dom.development.js:24930:9)
      at commitPassiveMountEffects_begin (node_modules/react-dom/cjs/react-dom.development.js:24917:7)
      at commitPassiveMountEffects (node_modules/react-dom/cjs/react-dom.development.js:24905:3)
      at flushPassiveEffectsImpl (node_modules/react-dom/cjs/react-dom.development.js:27078:3)
      at flushPassiveEffects (node_modules/react-dom/cjs/react-dom.development.js:27023:14)
      at commitRootImpl (node_modules/react-dom/cjs/react-dom.development.js:26974:5)
      at commitRoot (node_modules/react-dom/cjs/react-dom.development.js:26721:5)
      at performSyncWorkOnRoot (node_modules/react-dom/cjs/react-dom.development.js:26156:3)
      at flushSyncCallbacks (node_modules/react-dom/cjs/react-dom.development.js:12042:22)
      at node_modules/react-dom/cjs/react-dom.development.js:25690:13
      at invokeTheCallbackFunction (../node_modules/jsdom/lib/jsdom/living/generated/Function.js:19:26)
      at ../node_modules/jsdom/lib/jsdom/browser/Window.js:613:9

  console.error
    Error: Uncaught [SecurityError: Synthetic storage denial]
        at reportException (/private/tmp/tdf-ux-ui-20260917/node_modules/jsdom/lib/jsdom/living/helpers/runtime-script-errors.js:66:24)
        at innerInvokeEventListeners (/private/tmp/tdf-ux-ui-20260917/node_modules/jsdom/lib/jsdom/living/events/EventTarget-impl.js:353:9)
        at invokeEventListeners (/private/tmp/tdf-ux-ui-20260917/node_modules/jsdom/lib/jsdom/living/events/EventTarget-impl.js:286:3)
        at HTMLUnknownElementImpl._dispatch (/private/tmp/tdf-ux-ui-20260917/node_modules/jsdom/lib/jsdom/living/events/EventTarget-impl.js:233:9)
        at HTMLUnknownElementImpl.dispatchEvent (/private/tmp/tdf-ux-ui-20260917/node_modules/jsdom/lib/jsdom/living/events/EventTarget-impl.js:104:17)
        at HTMLUnknownElement.dispatchEvent (/private/tmp/tdf-ux-ui-20260917/node_modules/jsdom/lib/jsdom/living/generated/EventTarget.js:241:34)
        at Object.invokeGuardedCallbackDev (/private/tmp/tdf-ux-ui-20260917/tdf-hq-ui/node_modules/react-dom/cjs/react-dom.development.js:4213:16)
        at invokeGuardedCallback (/private/tmp/tdf-ux-ui-20260917/tdf-hq-ui/node_modules/react-dom/cjs/react-dom.development.js:4277:31)
        at reportUncaughtErrorInDEV (/private/tmp/tdf-ux-ui-20260917/tdf-hq-ui/node_modules/react-dom/cjs/react-dom.development.js:22877:5)
        at captureCommitPhaseError (/private/tmp/tdf-ux-ui-20260917/tdf-hq-ui/node_modules/react-dom/cjs/react-dom.development.js:27165:5)
        at commitPassiveMountEffects_complete (/private/tmp/tdf-ux-ui-20260917/tdf-hq-ui/node_modules/react-dom/cjs/react-dom.development.js:24932:9)
        at commitPassiveMountEffects_begin (/private/tmp/tdf-ux-ui-20260917/tdf-hq-ui/node_modules/react-dom/cjs/react-dom.development.js:24917:7)
        at commitPassiveMountEffects (/private/tmp/tdf-ux-ui-20260917/tdf-hq-ui/node_modules/react-dom/cjs/react-dom.development.js:24905:3)
        at flushPassiveEffectsImpl (/private/tmp/tdf-ux-ui-20260917/tdf-hq-ui/node_modules/react-dom/cjs/react-dom.development.js:27078:3)
        at flushPassiveEffects (/private/tmp/tdf-ux-ui-20260917/tdf-hq-ui/node_modules/react-dom/cjs/react-dom.development.js:27023:14)
        at commitRootImpl (/private/tmp/tdf-ux-ui-20260917/tdf-hq-ui/node_modules/react-dom/cjs/react-dom.development.js:26974:5)
        at commitRoot (/private/tmp/tdf-ux-ui-20260917/tdf-hq-ui/node_modules/react-dom/cjs/react-dom.development.js:26721:5)
        at performSyncWorkOnRoot (/private/tmp/tdf-ux-ui-20260917/tdf-hq-ui/node_modules/react-dom/cjs/react-dom.development.js:26156:3)
        at flushSyncCallbacks (/private/tmp/tdf-ux-ui-20260917/tdf-hq-ui/node_modules/react-dom/cjs/react-dom.development.js:12042:22)
        at /private/tmp/tdf-ux-ui-20260917/tdf-hq-ui/node_modules/react-dom/cjs/react-dom.development.js:25690:13
        at invokeTheCallbackFunction (/private/tmp/tdf-ux-ui-20260917/node_modules/jsdom/lib/jsdom/living/generated/Function.js:19:26)
        at /private/tmp/tdf-ux-ui-20260917/node_modules/jsdom/lib/jsdom/browser/Window.js:613:9
        at node:internal/process/task_queues:151:7
        at AsyncResource.runInAsyncScope (node:async_hooks:214:14)
        at AsyncResource.runMicrotask (node:internal/process/task_queues:148:8) {
      detail: DOMException {},
      type: 'unhandled exception'
    }

      at VirtualConsole.<anonymous> (../node_modules/@jest/environment-jsdom-abstract/build/index.js:87:23)
      at reportException (../node_modules/jsdom/lib/jsdom/living/helpers/runtime-script-errors.js:70:28)
      at innerInvokeEventListeners (../node_modules/jsdom/lib/jsdom/living/events/EventTarget-impl.js:353:9)
      at invokeEventListeners (../node_modules/jsdom/lib/jsdom/living/events/EventTarget-impl.js:286:3)
      at HTMLUnknownElementImpl._dispatch (../node_modules/jsdom/lib/jsdom/living/events/EventTarget-impl.js:233:9)
      at HTMLUnknownElementImpl.dispatchEvent (../node_modules/jsdom/lib/jsdom/living/events/EventTarget-impl.js:104:17)
      at HTMLUnknownElement.dispatchEvent (../node_modules/jsdom/lib/jsdom/living/generated/EventTarget.js:241:34)
      at Object.invokeGuardedCallbackDev (node_modules/react-dom/cjs/react-dom.development.js:4213:16)
      at invokeGuardedCallback (node_modules/react-dom/cjs/react-dom.development.js:4277:31)
      at reportUncaughtErrorInDEV (node_modules/react-dom/cjs/react-dom.development.js:22877:5)
      at captureCommitPhaseError (node_modules/react-dom/cjs/react-dom.development.js:27165:5)
      at commitPassiveMountEffects_complete (node_modules/react-dom/cjs/react-dom.development.js:24932:9)
      at commitPassiveMountEffects_begin (node_modules/react-dom/cjs/react-dom.development.js:24917:7)
      at commitPassiveMountEffects (node_modules/react-dom/cjs/react-dom.development.js:24905:3)
      at flushPassiveEffectsImpl (node_modules/react-dom/cjs/react-dom.development.js:27078:3)
      at flushPassiveEffects (node_modules/react-dom/cjs/react-dom.development.js:27023:14)
      at commitRootImpl (node_modules/react-dom/cjs/react-dom.development.js:26974:5)
      at commitRoot (node_modules/react-dom/cjs/react-dom.development.js:26721:5)
      at performSyncWorkOnRoot (node_modules/react-dom/cjs/react-dom.development.js:26156:3)
      at flushSyncCallbacks (node_modules/react-dom/cjs/react-dom.development.js:12042:22)
      at node_modules/react-dom/cjs/react-dom.development.js:25690:13
      at invokeTheCallbackFunction (../node_modules/jsdom/lib/jsdom/living/generated/Function.js:19:26)
      at ../node_modules/jsdom/lib/jsdom/browser/Window.js:613:9

  console.error
    The above error occurred in the <LocalePreferencesProvider> component:
    
        at LocalePreferencesProvider (/private/tmp/tdf-ux-ui-20260917/tdf-hq-ui/src/contexts/LocalePreferencesContext.tsx:105:45)
        at QueryClientProvider (/private/tmp/tdf-ux-ui-20260917/node_modules/@tanstack/react-query/src/QueryClientProvider.tsx:30:3)
        at ErrorBoundary (/private/tmp/tdf-ux-ui-20260917/tdf-hq-ui/src/contexts/LocalePreferencesContext.storage.test.tsx:21:1)
    
    React will try to recreate this component tree from scratch using the error boundary you provided, ErrorBoundary.

      at logCapturedError (node_modules/react-dom/cjs/react-dom.development.js:18704:23)
      at ErrorBoundary.update.callback (node_modules/react-dom/cjs/react-dom.development.js:18760:7)
      at callCallback (node_modules/react-dom/cjs/react-dom.development.js:15036:12)
      at commitUpdateQueue (node_modules/react-dom/cjs/react-dom.development.js:15057:9)
      at commitLayoutEffectOnFiber (node_modules/react-dom/cjs/react-dom.development.js:23403:13)
      at commitLayoutMountEffects_complete (node_modules/react-dom/cjs/react-dom.development.js:24727:9)
      at commitLayoutEffects_begin (node_modules/react-dom/cjs/react-dom.development.js:24713:7)
      at commitLayoutEffects (node_modules/react-dom/cjs/react-dom.development.js:24651:3)
      at commitRootImpl (node_modules/react-dom/cjs/react-dom.development.js:26862:5)
      at commitRoot (node_modules/react-dom/cjs/react-dom.development.js:26721:5)
      at performSyncWorkOnRoot (node_modules/react-dom/cjs/react-dom.development.js:26156:3)
      at flushSyncCallbacks (node_modules/react-dom/cjs/react-dom.development.js:12042:22)
      at node_modules/react-dom/cjs/react-dom.development.js:25690:13
      at invokeTheCallbackFunction (../node_modules/jsdom/lib/jsdom/living/generated/Function.js:19:26)
      at ../node_modules/jsdom/lib/jsdom/browser/Window.js:613:9

  console.error
    Warning: An update to LocalePreferencesProvider inside a test was not wrapped in act(...).
    
    When testing, code that causes React state updates should be wrapped into act(...):
    
    act(() => {
      /* fire events that update state */
    });
    /* assert on the output */
    
    This ensures that you're testing the behavior the user would see in the browser. Learn more at https://reactjs.org/link/wrap-tests-with-act
        at LocalePreferencesProvider (/private/tmp/tdf-ux-ui-20260917/tdf-hq-ui/src/contexts/LocalePreferencesContext.tsx:105:45)
        at QueryClientProvider (/private/tmp/tdf-ux-ui-20260917/node_modules/@tanstack/react-query/src/QueryClientProvider.tsx:30:3)
        at ErrorBoundary (/private/tmp/tdf-ux-ui-20260917/tdf-hq-ui/src/contexts/LocalePreferencesContext.storage.test.tsx:21:1)

      at printWarning (node_modules/react-dom/cjs/react-dom.development.js:86:30)
      at error (node_modules/react-dom/cjs/react-dom.development.js:60:7)
      at warnIfUpdatesNotWrappedWithActDEV (node_modules/react-dom/cjs/react-dom.development.js:27628:9)
      at scheduleUpdateOnFiber (node_modules/react-dom/cjs/react-dom.development.js:25547:5)
      at forceStoreRerender (node_modules/react-dom/cjs/react-dom.development.js:16158:5)
      at handleStoreChange (node_modules/react-dom/cjs/react-dom.development.js:16134:7)
      at ../node_modules/@tanstack/query-core/src/notifyManager.ts:73:11
      at notifyFn (../node_modules/@tanstack/query-core/src/notifyManager.ts:21:5)
      at ../node_modules/@tanstack/query-core/src/notifyManager.ts:44:13
          at Array.forEach (<anonymous>)
      at ../node_modules/@tanstack/query-core/src/notifyManager.ts:43:25
      at batchNotifyFn (../node_modules/@tanstack/query-core/src/notifyManager.ts:24:5)
      at ../node_modules/@tanstack/query-core/src/notifyManager.ts:42:9
      at Timeout.task [as _onTimeout] (../node_modules/jsdom/lib/jsdom/browser/Window.js:579:19)

  console.error
    Warning: An update to LocalePreferencesProvider inside a test was not wrapped in act(...).
    
    When testing, code that causes React state updates should be wrapped into act(...):
    
    act(() => {
      /* fire events that update state */
    });
    /* assert on the output */
    
    This ensures that you're testing the behavior the user would see in the browser. Learn more at https://reactjs.org/link/wrap-tests-with-act
        at LocalePreferencesProvider (/private/tmp/tdf-ux-ui-20260917/tdf-hq-ui/src/contexts/LocalePreferencesContext.tsx:105:45)
        at QueryClientProvider (/private/tmp/tdf-ux-ui-20260917/node_modules/@tanstack/react-query/src/QueryClientProvider.tsx:30:3)
        at ErrorBoundary (/private/tmp/tdf-ux-ui-20260917/tdf-hq-ui/src/contexts/LocalePreferencesContext.storage.test.tsx:21:1)

      135 |   const apply = useCallback((next: LocalePreferences) => {
      136 |     const normalized = normalizePreferences(next, defaults());
    > 137 |     setPreferences(normalized);
          |     ^
      138 |     if (typeof window !== 'undefined') {
      139 |       window.localStorage.setItem(STORAGE_KEY, JSON.stringify(normalized));
      140 |       window.localStorage.setItem(LOCALE_STORAGE_KEY, normalized.locale);

      at printWarning (node_modules/react-dom/cjs/react-dom.development.js:86:30)
      at error (node_modules/react-dom/cjs/react-dom.development.js:60:7)
      at warnIfUpdatesNotWrappedWithActDEV (node_modules/react-dom/cjs/react-dom.development.js:27628:9)
      at scheduleUpdateOnFiber (node_modules/react-dom/cjs/react-dom.development.js:25547:5)
      at dispatchSetState (node_modules/react-dom/cjs/react-dom.development.js:16708:7)
      at src/contexts/LocalePreferencesContext.tsx:137:5
      at src/contexts/LocalePreferencesContext.tsx:166:5
      at commitHookEffectListMount (node_modules/react-dom/cjs/react-dom.development.js:23189:26)
      at commitPassiveMountOnFiber (node_modules/react-dom/cjs/react-dom.development.js:24970:11)
      at commitPassiveMountEffects_complete (node_modules/react-dom/cjs/react-dom.development.js:24930:9)
      at commitPassiveMountEffects_begin (node_modules/react-dom/cjs/react-dom.development.js:24917:7)
      at commitPassiveMountEffects (node_modules/react-dom/cjs/react-dom.development.js:24905:3)
      at flushPassiveEffectsImpl (node_modules/react-dom/cjs/react-dom.development.js:27078:3)
      at flushPassiveEffects (node_modules/react-dom/cjs/react-dom.development.js:27023:14)
      at commitRootImpl (node_modules/react-dom/cjs/react-dom.development.js:26974:5)
      at commitRoot (node_modules/react-dom/cjs/react-dom.development.js:26721:5)
      at performSyncWorkOnRoot (node_modules/react-dom/cjs/react-dom.development.js:26156:3)
      at flushSyncCallbacks (node_modules/react-dom/cjs/react-dom.development.js:12042:22)
      at node_modules/react-dom/cjs/react-dom.development.js:25690:13
      at invokeTheCallbackFunction (../node_modules/jsdom/lib/jsdom/living/generated/Function.js:19:26)
      at ../node_modules/jsdom/lib/jsdom/browser/Window.js:613:9

  console.error
    Error: Uncaught [SecurityError: Synthetic storage denial]
        at reportException (/private/tmp/tdf-ux-ui-20260917/node_modules/jsdom/lib/jsdom/living/helpers/runtime-script-errors.js:66:24)
        at innerInvokeEventListeners (/private/tmp/tdf-ux-ui-20260917/node_modules/jsdom/lib/jsdom/living/events/EventTarget-impl.js:353:9)
        at invokeEventListeners (/private/tmp/tdf-ux-ui-20260917/node_modules/jsdom/lib/jsdom/living/events/EventTarget-impl.js:286:3)
        at HTMLUnknownElementImpl._dispatch (/private/tmp/tdf-ux-ui-20260917/node_modules/jsdom/lib/jsdom/living/events/EventTarget-impl.js:233:9)
        at HTMLUnknownElementImpl.dispatchEvent (/private/tmp/tdf-ux-ui-20260917/node_modules/jsdom/lib/jsdom/living/events/EventTarget-impl.js:104:17)
        at HTMLUnknownElement.dispatchEvent (/private/tmp/tdf-ux-ui-20260917/node_modules/jsdom/lib/jsdom/living/generated/EventTarget.js:241:34)
        at Object.invokeGuardedCallbackDev (/private/tmp/tdf-ux-ui-20260917/tdf-hq-ui/node_modules/react-dom/cjs/react-dom.development.js:4213:16)
        at invokeGuardedCallback (/private/tmp/tdf-ux-ui-20260917/tdf-hq-ui/node_modules/react-dom/cjs/react-dom.development.js:4277:31)
        at reportUncaughtErrorInDEV (/private/tmp/tdf-ux-ui-20260917/tdf-hq-ui/node_modules/react-dom/cjs/react-dom.development.js:22877:5)
        at captureCommitPhaseError (/private/tmp/tdf-ux-ui-20260917/tdf-hq-ui/node_modules/react-dom/cjs/react-dom.development.js:27165:5)
        at commitPassiveMountEffects_complete (/private/tmp/tdf-ux-ui-20260917/tdf-hq-ui/node_modules/react-dom/cjs/react-dom.development.js:24932:9)
        at commitPassiveMountEffects_begin (/private/tmp/tdf-ux-ui-20260917/tdf-hq-ui/node_modules/react-dom/cjs/react-dom.development.js:24917:7)
        at commitPassiveMountEffects (/private/tmp/tdf-ux-ui-20260917/tdf-hq-ui/node_modules/react-dom/cjs/react-dom.development.js:24905:3)
        at flushPassiveEffectsImpl (/private/tmp/tdf-ux-ui-20260917/tdf-hq-ui/node_modules/react-dom/cjs/react-dom.development.js:27078:3)
        at flushPassiveEffects (/private/tmp/tdf-ux-ui-20260917/tdf-hq-ui/node_modules/react-dom/cjs/react-dom.development.js:27023:14)
        at commitRootImpl (/private/tmp/tdf-ux-ui-20260917/tdf-hq-ui/node_modules/react-dom/cjs/react-dom.development.js:26974:5)
        at commitRoot (/private/tmp/tdf-ux-ui-20260917/tdf-hq-ui/node_modules/react-dom/cjs/react-dom.development.js:26721:5)
        at performSyncWorkOnRoot (/private/tmp/tdf-ux-ui-20260917/tdf-hq-ui/node_modules/react-dom/cjs/react-dom.development.js:26156:3)
        at flushSyncCallbacks (/private/tmp/tdf-ux-ui-20260917/tdf-hq-ui/node_modules/react-dom/cjs/react-dom.development.js:12042:22)
        at /private/tmp/tdf-ux-ui-20260917/tdf-hq-ui/node_modules/react-dom/cjs/react-dom.development.js:25690:13
        at invokeTheCallbackFunction (/private/tmp/tdf-ux-ui-20260917/node_modules/jsdom/lib/jsdom/living/generated/Function.js:19:26)
        at /private/tmp/tdf-ux-ui-20260917/node_modules/jsdom/lib/jsdom/browser/Window.js:613:9
        at node:internal/process/task_queues:151:7
        at AsyncResource.runInAsyncScope (node:async_hooks:214:14)
        at AsyncResource.runMicrotask (node:internal/process/task_queues:148:8) {
      detail: DOMException {},
      type: 'unhandled exception'
    }

      at VirtualConsole.<anonymous> (../node_modules/@jest/environment-jsdom-abstract/build/index.js:87:23)
      at reportException (../node_modules/jsdom/lib/jsdom/living/helpers/runtime-script-errors.js:70:28)
      at innerInvokeEventListeners (../node_modules/jsdom/lib/jsdom/living/events/EventTarget-impl.js:353:9)
      at invokeEventListeners (../node_modules/jsdom/lib/jsdom/living/events/EventTarget-impl.js:286:3)
      at HTMLUnknownElementImpl._dispatch (../node_modules/jsdom/lib/jsdom/living/events/EventTarget-impl.js:233:9)
      at HTMLUnknownElementImpl.dispatchEvent (../node_modules/jsdom/lib/jsdom/living/events/EventTarget-impl.js:104:17)
      at HTMLUnknownElement.dispatchEvent (../node_modules/jsdom/lib/jsdom/living/generated/EventTarget.js:241:34)
      at Object.invokeGuardedCallbackDev (node_modules/react-dom/cjs/react-dom.development.js:4213:16)
      at invokeGuardedCallback (node_modules/react-dom/cjs/react-dom.development.js:4277:31)
      at reportUncaughtErrorInDEV (node_modules/react-dom/cjs/react-dom.development.js:22877:5)
      at captureCommitPhaseError (node_modules/react-dom/cjs/react-dom.development.js:27165:5)
      at commitPassiveMountEffects_complete (node_modules/react-dom/cjs/react-dom.development.js:24932:9)
      at commitPassiveMountEffects_begin (node_modules/react-dom/cjs/react-dom.development.js:24917:7)
      at commitPassiveMountEffects (node_modules/react-dom/cjs/react-dom.development.js:24905:3)
      at flushPassiveEffectsImpl (node_modules/react-dom/cjs/react-dom.development.js:27078:3)
      at flushPassiveEffects (node_modules/react-dom/cjs/react-dom.development.js:27023:14)
      at commitRootImpl (node_modules/react-dom/cjs/react-dom.development.js:26974:5)
      at commitRoot (node_modules/react-dom/cjs/react-dom.development.js:26721:5)
      at performSyncWorkOnRoot (node_modules/react-dom/cjs/react-dom.development.js:26156:3)
      at flushSyncCallbacks (node_modules/react-dom/cjs/react-dom.development.js:12042:22)
      at node_modules/react-dom/cjs/react-dom.development.js:25690:13
      at invokeTheCallbackFunction (../node_modules/jsdom/lib/jsdom/living/generated/Function.js:19:26)
      at ../node_modules/jsdom/lib/jsdom/browser/Window.js:613:9

  console.error
    The above error occurred in the <LocalePreferencesProvider> component:
    
        at LocalePreferencesProvider (/private/tmp/tdf-ux-ui-20260917/tdf-hq-ui/src/contexts/LocalePreferencesContext.tsx:105:45)
        at QueryClientProvider (/private/tmp/tdf-ux-ui-20260917/node_modules/@tanstack/react-query/src/QueryClientProvider.tsx:30:3)
        at ErrorBoundary (/private/tmp/tdf-ux-ui-20260917/tdf-hq-ui/src/contexts/LocalePreferencesContext.storage.test.tsx:21:1)
    
    React will try to recreate this component tree from scratch using the error boundary you provided, ErrorBoundary.

      at logCapturedError (node_modules/react-dom/cjs/react-dom.development.js:18704:23)
      at ErrorBoundary.update.callback (node_modules/react-dom/cjs/react-dom.development.js:18760:7)
      at callCallback (node_modules/react-dom/cjs/react-dom.development.js:15036:12)
      at commitUpdateQueue (node_modules/react-dom/cjs/react-dom.development.js:15057:9)
      at commitLayoutEffectOnFiber (node_modules/react-dom/cjs/react-dom.development.js:23403:13)
      at commitLayoutMountEffects_complete (node_modules/react-dom/cjs/react-dom.development.js:24727:9)
      at commitLayoutEffects_begin (node_modules/react-dom/cjs/react-dom.development.js:24713:7)
      at commitLayoutEffects (node_modules/react-dom/cjs/react-dom.development.js:24651:3)
      at commitRootImpl (node_modules/react-dom/cjs/react-dom.development.js:26862:5)
      at commitRoot (node_modules/react-dom/cjs/react-dom.development.js:26721:5)
      at performSyncWorkOnRoot (node_modules/react-dom/cjs/react-dom.development.js:26156:3)
      at flushSyncCallbacks (node_modules/react-dom/cjs/react-dom.development.js:12042:22)
      at node_modules/react-dom/cjs/react-dom.development.js:25690:13
      at invokeTheCallbackFunction (../node_modules/jsdom/lib/jsdom/living/generated/Function.js:19:26)
      at ../node_modules/jsdom/lib/jsdom/browser/Window.js:613:9

FAIL src/contexts/LocalePreferencesContext.storage.test.tsx
  ✕ applies fetched catalog preferences with storage operations denied (1075 ms)
  ✕ applies fetched catalog preferences with storage access denied (1007 ms)

  ● applies fetched catalog preferences with storage operations denied

    expect(received).toBe(expected) // Object.is equality

    Expected: "synthetic-es/synthetic-usd"
    Received: "Preference crash"

    Ignored nodes: comments, script, style
    [36m<html[39m
      [33mdir[39m=[32m"ltr"[39m
      [33mlang[39m=[32m"es"[39m
    [36m>[39m
      [36m<head />[39m
      [36m<body>[39m
        [36m<div>[39m
          [36m<p>[39m
            [0mPreference crash[0m
          [36m</p>[39m
        [36m</div>[39m
      [36m</body>[39m
    [36m</html>[39m

      49 |       </QueryClientProvider></ErrorBoundary>);
      50 |     });
    > 51 |     await waitFor(() => expect(container.textContent).toBe('synthetic-es/synthetic-usd'));
         |                                                       ^
      52 |     expect(i18n.language).toBe('es');
      53 |   } finally {
      54 |     await act(async () => { root.unmount(); });

      at src/contexts/LocalePreferencesContext.storage.test.tsx:51:55
      at runWithExpensiveErrorDiagnosticsDisabled (../node_modules/@testing-library/dom/dist/config.js:47:12)
      at checkCallback (../node_modules/@testing-library/dom/dist/wait-for.js:124:77)
      at checkRealTimersCallback (../node_modules/@testing-library/dom/dist/wait-for.js:118:16)
      at Timeout.task [as _onTimeout] (../node_modules/jsdom/lib/jsdom/browser/Window.js:579:19)

  ● applies fetched catalog preferences with storage access denied

    expect(received).toBe(expected) // Object.is equality

    Expected: "synthetic-es/synthetic-usd"
    Received: "Preference crash"

    Ignored nodes: comments, script, style
    [36m<html[39m
      [33mdir[39m=[32m"ltr"[39m
      [33mlang[39m=[32m"es"[39m
    [36m>[39m
      [36m<head />[39m
      [36m<body>[39m
        [36m<div>[39m
          [36m<p>[39m
            [0mPreference crash[0m
          [36m</p>[39m
        [36m</div>[39m
      [36m</body>[39m
    [36m</html>[39m

      49 |       </QueryClientProvider></ErrorBoundary>);
      50 |     });
    > 51 |     await waitFor(() => expect(container.textContent).toBe('synthetic-es/synthetic-usd'));
         |                                                       ^
      52 |     expect(i18n.language).toBe('es');
      53 |   } finally {
      54 |     await act(async () => { root.unmount(); });

      at src/contexts/LocalePreferencesContext.storage.test.tsx:51:55
      at runWithExpensiveErrorDiagnosticsDisabled (../node_modules/@testing-library/dom/dist/config.js:47:12)
      at checkCallback (../node_modules/@testing-library/dom/dist/wait-for.js:124:77)
      at checkRealTimersCallback (../node_modules/@testing-library/dom/dist/wait-for.js:118:16)
      at Timeout.task [as _onTimeout] (../node_modules/jsdom/lib/jsdom/browser/Window.js:579:19)

Test Suites: 1 failed, 1 total
Tests:       2 failed, 2 total
Snapshots:   0 total
Time:        4.774 s
Ran all test suites within paths "src/contexts/LocalePreferencesContext.storage.test.tsx".
npm error Lifecycle script `test` failed with error:
npm error code 1
npm error path /private/tmp/tdf-ux-ui-20260917/tdf-hq-ui
npm error workspace tdf-hq-ui@0.1.0
npm error location /private/tmp/tdf-ux-ui-20260917/tdf-hq-ui
npm error command failed
npm error command sh -c NODE_OPTIONS=--experimental-vm-modules jest --runInBand --runTestsByPath src/contexts/LocalePreferencesContext.storage.test.tsx
