
> tdf-hq-ui@0.1.0 test
> NODE_OPTIONS=--experimental-vm-modules jest --runInBand --runTestsByPath src/contexts/LocalePreferencesContext.storage.test.tsx src/contexts/LocalePreferencesContext.test.ts

(node:91538) ExperimentalWarning: VM Modules is an experimental feature and might change at any time
(Use `node --trace-warnings ...` to show where the warning was created)
[TESTOMATIO] Testomatio Reporter v2.12.0
[TESTOMATIO] Pipes: No pipes enabled
[TESTOMATIO] If you want to use Testomatio reporter, pass your token as TESTOMATIO env variable
PASS src/contexts/LocalePreferencesContext.storage.test.tsx
  ● Console

    console.error
      Warning: An update to LocalePreferencesProvider inside a test was not wrapped in act(...).
      
      When testing, code that causes React state updates should be wrapped into act(...):
      
      act(() => {
        /* fire events that update state */
      });
      /* assert on the output */
      
      This ensures that you're testing the behavior the user would see in the browser. Learn more at https://reactjs.org/link/wrap-tests-with-act
          at LocalePreferencesProvider (/private/tmp/tdf-ux-ui-20260917/tdf-hq-ui/src/contexts/LocalePreferencesContext.tsx:105:45)
          at QueryClientProvider (/private/tmp/tdf-ux-ui-20260917/node_modules/@tanstack/react-query/src/QueryClientProvider.tsx:30:3)
          at ErrorBoundary (/private/tmp/tdf-ux-ui-20260917/tdf-hq-ui/src/contexts/LocalePreferencesContext.storage.test.tsx:21:1)

      at printWarning (node_modules/react-dom/cjs/react-dom.development.js:86:30)
      at error (node_modules/react-dom/cjs/react-dom.development.js:60:7)
      at warnIfUpdatesNotWrappedWithActDEV (node_modules/react-dom/cjs/react-dom.development.js:27628:9)
      at scheduleUpdateOnFiber (node_modules/react-dom/cjs/react-dom.development.js:25547:5)
      at forceStoreRerender (node_modules/react-dom/cjs/react-dom.development.js:16158:5)
      at handleStoreChange (node_modules/react-dom/cjs/react-dom.development.js:16134:7)
      at ../node_modules/@tanstack/query-core/src/notifyManager.ts:73:11
      at notifyFn (../node_modules/@tanstack/query-core/src/notifyManager.ts:21:5)
      at ../node_modules/@tanstack/query-core/src/notifyManager.ts:44:13
          at Array.forEach (<anonymous>)
      at ../node_modules/@tanstack/query-core/src/notifyManager.ts:43:25
      at batchNotifyFn (../node_modules/@tanstack/query-core/src/notifyManager.ts:24:5)
      at ../node_modules/@tanstack/query-core/src/notifyManager.ts:42:9
      at Timeout.task [as _onTimeout] (../node_modules/jsdom/lib/jsdom/browser/Window.js:579:19)

    console.error
      Warning: An update to LocalePreferencesProvider inside a test was not wrapped in act(...).
      
      When testing, code that causes React state updates should be wrapped into act(...):
      
      act(() => {
        /* fire events that update state */
      });
      /* assert on the output */
      
      This ensures that you're testing the behavior the user would see in the browser. Learn more at https://reactjs.org/link/wrap-tests-with-act
          at LocalePreferencesProvider (/private/tmp/tdf-ux-ui-20260917/tdf-hq-ui/src/contexts/LocalePreferencesContext.tsx:105:45)
          at QueryClientProvider (/private/tmp/tdf-ux-ui-20260917/node_modules/@tanstack/react-query/src/QueryClientProvider.tsx:30:3)
          at ErrorBoundary (/private/tmp/tdf-ux-ui-20260917/tdf-hq-ui/src/contexts/LocalePreferencesContext.storage.test.tsx:21:1)

      135 |   const apply = useCallback((next: LocalePreferences) => {
      136 |     const normalized = normalizePreferences(next, defaults());
    > 137 |     setPreferences(normalized);
          |     ^
      138 |     if (typeof window !== 'undefined') {
      139 |       try {
      140 |         window.localStorage.setItem(STORAGE_KEY, JSON.stringify(normalized));

      at printWarning (node_modules/react-dom/cjs/react-dom.development.js:86:30)
      at error (node_modules/react-dom/cjs/react-dom.development.js:60:7)
      at warnIfUpdatesNotWrappedWithActDEV (node_modules/react-dom/cjs/react-dom.development.js:27628:9)
      at scheduleUpdateOnFiber (node_modules/react-dom/cjs/react-dom.development.js:25547:5)
      at dispatchSetState (node_modules/react-dom/cjs/react-dom.development.js:16708:7)
      at src/contexts/LocalePreferencesContext.tsx:137:5
      at src/contexts/LocalePreferencesContext.tsx:171:5
      at commitHookEffectListMount (node_modules/react-dom/cjs/react-dom.development.js:23189:26)
      at commitPassiveMountOnFiber (node_modules/react-dom/cjs/react-dom.development.js:24970:11)
      at commitPassiveMountEffects_complete (node_modules/react-dom/cjs/react-dom.development.js:24930:9)
      at commitPassiveMountEffects_begin (node_modules/react-dom/cjs/react-dom.development.js:24917:7)
      at commitPassiveMountEffects (node_modules/react-dom/cjs/react-dom.development.js:24905:3)
      at flushPassiveEffectsImpl (node_modules/react-dom/cjs/react-dom.development.js:27078:3)
      at flushPassiveEffects (node_modules/react-dom/cjs/react-dom.development.js:27023:14)
      at commitRootImpl (node_modules/react-dom/cjs/react-dom.development.js:26974:5)
      at commitRoot (node_modules/react-dom/cjs/react-dom.development.js:26721:5)
      at performSyncWorkOnRoot (node_modules/react-dom/cjs/react-dom.development.js:26156:3)
      at flushSyncCallbacks (node_modules/react-dom/cjs/react-dom.development.js:12042:22)
      at node_modules/react-dom/cjs/react-dom.development.js:25690:13
      at invokeTheCallbackFunction (../node_modules/jsdom/lib/jsdom/living/generated/Function.js:19:26)
      at ../node_modules/jsdom/lib/jsdom/browser/Window.js:613:9

    console.error
      Warning: An update to LocalePreferencesProvider inside a test was not wrapped in act(...).
      
      When testing, code that causes React state updates should be wrapped into act(...):
      
      act(() => {
        /* fire events that update state */
      });
      /* assert on the output */
      
      This ensures that you're testing the behavior the user would see in the browser. Learn more at https://reactjs.org/link/wrap-tests-with-act
          at LocalePreferencesProvider (/private/tmp/tdf-ux-ui-20260917/tdf-hq-ui/src/contexts/LocalePreferencesContext.tsx:105:45)
          at QueryClientProvider (/private/tmp/tdf-ux-ui-20260917/node_modules/@tanstack/react-query/src/QueryClientProvider.tsx:30:3)
          at ErrorBoundary (/private/tmp/tdf-ux-ui-20260917/tdf-hq-ui/src/contexts/LocalePreferencesContext.storage.test.tsx:21:1)

      at printWarning (node_modules/react-dom/cjs/react-dom.development.js:86:30)
      at error (node_modules/react-dom/cjs/react-dom.development.js:60:7)
      at warnIfUpdatesNotWrappedWithActDEV (node_modules/react-dom/cjs/react-dom.development.js:27628:9)
      at scheduleUpdateOnFiber (node_modules/react-dom/cjs/react-dom.development.js:25547:5)
      at forceStoreRerender (node_modules/react-dom/cjs/react-dom.development.js:16158:5)
      at handleStoreChange (node_modules/react-dom/cjs/react-dom.development.js:16134:7)
      at ../node_modules/@tanstack/query-core/src/notifyManager.ts:73:11
      at notifyFn (../node_modules/@tanstack/query-core/src/notifyManager.ts:21:5)
      at ../node_modules/@tanstack/query-core/src/notifyManager.ts:44:13
          at Array.forEach (<anonymous>)
      at ../node_modules/@tanstack/query-core/src/notifyManager.ts:43:25
      at batchNotifyFn (../node_modules/@tanstack/query-core/src/notifyManager.ts:24:5)
      at ../node_modules/@tanstack/query-core/src/notifyManager.ts:42:9
      at Timeout.task [as _onTimeout] (../node_modules/jsdom/lib/jsdom/browser/Window.js:579:19)

    console.error
      Warning: An update to LocalePreferencesProvider inside a test was not wrapped in act(...).
      
      When testing, code that causes React state updates should be wrapped into act(...):
      
      act(() => {
        /* fire events that update state */
      });
      /* assert on the output */
      
      This ensures that you're testing the behavior the user would see in the browser. Learn more at https://reactjs.org/link/wrap-tests-with-act
          at LocalePreferencesProvider (/private/tmp/tdf-ux-ui-20260917/tdf-hq-ui/src/contexts/LocalePreferencesContext.tsx:105:45)
          at QueryClientProvider (/private/tmp/tdf-ux-ui-20260917/node_modules/@tanstack/react-query/src/QueryClientProvider.tsx:30:3)
          at ErrorBoundary (/private/tmp/tdf-ux-ui-20260917/tdf-hq-ui/src/contexts/LocalePreferencesContext.storage.test.tsx:21:1)

      135 |   const apply = useCallback((next: LocalePreferences) => {
      136 |     const normalized = normalizePreferences(next, defaults());
    > 137 |     setPreferences(normalized);
          |     ^
      138 |     if (typeof window !== 'undefined') {
      139 |       try {
      140 |         window.localStorage.setItem(STORAGE_KEY, JSON.stringify(normalized));

      at printWarning (node_modules/react-dom/cjs/react-dom.development.js:86:30)
      at error (node_modules/react-dom/cjs/react-dom.development.js:60:7)
      at warnIfUpdatesNotWrappedWithActDEV (node_modules/react-dom/cjs/react-dom.development.js:27628:9)
      at scheduleUpdateOnFiber (node_modules/react-dom/cjs/react-dom.development.js:25547:5)
      at dispatchSetState (node_modules/react-dom/cjs/react-dom.development.js:16708:7)
      at src/contexts/LocalePreferencesContext.tsx:137:5
      at src/contexts/LocalePreferencesContext.tsx:171:5
      at commitHookEffectListMount (node_modules/react-dom/cjs/react-dom.development.js:23189:26)
      at commitPassiveMountOnFiber (node_modules/react-dom/cjs/react-dom.development.js:24970:11)
      at commitPassiveMountEffects_complete (node_modules/react-dom/cjs/react-dom.development.js:24930:9)
      at commitPassiveMountEffects_begin (node_modules/react-dom/cjs/react-dom.development.js:24917:7)
      at commitPassiveMountEffects (node_modules/react-dom/cjs/react-dom.development.js:24905:3)
      at flushPassiveEffectsImpl (node_modules/react-dom/cjs/react-dom.development.js:27078:3)
      at flushPassiveEffects (node_modules/react-dom/cjs/react-dom.development.js:27023:14)
      at commitRootImpl (node_modules/react-dom/cjs/react-dom.development.js:26974:5)
      at commitRoot (node_modules/react-dom/cjs/react-dom.development.js:26721:5)
      at performSyncWorkOnRoot (node_modules/react-dom/cjs/react-dom.development.js:26156:3)
      at flushSyncCallbacks (node_modules/react-dom/cjs/react-dom.development.js:12042:22)
      at node_modules/react-dom/cjs/react-dom.development.js:25690:13
      at invokeTheCallbackFunction (../node_modules/jsdom/lib/jsdom/living/generated/Function.js:19:26)
      at ../node_modules/jsdom/lib/jsdom/browser/Window.js:613:9

PASS src/contexts/LocalePreferencesContext.test.ts

Test Suites: 2 passed, 2 total
Tests:       4 passed, 4 total
Snapshots:   0 total
Time:        1.956 s, estimated 4 s
Ran all test suites within paths "src/contexts/LocalePreferencesContext.storage.test.tsx", "src/contexts/LocalePreferencesContext.test.ts".
