perl: warning: Setting locale failed.
perl: warning: Please check that your locale settings:
	LC_ALL = "C.UTF-8",
	LC_CTYPE = "C.UTF-8",
	LANG = "C.UTF-8"
    are supported and installed on your system.
perl: warning: Falling back to the standard locale ("C").
perl: warning: Setting locale failed.
perl: warning: Please check that your locale settings:
	LC_ALL = "C.UTF-8",
	LC_CTYPE = "C.UTF-8",
	LANG = "C.UTF-8"
    are supported and installed on your system.
perl: warning: Falling back to the standard locale ("C").
TLC2 Version 2.17 of 02 February 2022 (rev: 3c7caa5)
Running breadth-first search Model-Checking with fp 76 and seed -7260220801550399072 with 1 worker on 16 cores with 3641MB heap and 64MB offheap memory [pid: 58083] (Mac OS X 14.7.7 x86_64, Homebrew 21.0.12.1 x86_64, MSBDiskFPSet, DiskStateQueue).
Parsing file /private/tmp/tdf-ux-ui-20260917/formal/event-operations/EventLifecycle.tla
Parsing file /private/var/folders/0s/0tg301f95s51dvsjf74ksxjm0000gn/T/FiniteSets.tla
Parsing file /private/var/folders/0s/0tg301f95s51dvsjf74ksxjm0000gn/T/Naturals.tla
Parsing file /private/var/folders/0s/0tg301f95s51dvsjf74ksxjm0000gn/T/Sequences.tla
Parsing file /private/var/folders/0s/0tg301f95s51dvsjf74ksxjm0000gn/T/TLC.tla
Semantic processing of module Naturals
Semantic processing of module Sequences
Semantic processing of module FiniteSets
Semantic processing of module TLC
Semantic processing of module EventLifecycle
Starting... (2026-09-17 03:49:25)
Computing initial states...
Finished computing initial states: 1 distinct state generated at 2026-09-17 03:49:26.
Model checking completed. No error has been found.
  Estimates of the probability that TLC did not check all reachable states
  because two distinct states had the same fingerprint:
  calculated (optimistic):  val = 0.0
9941 states generated, 9941 distinct states found, 0 states left on queue.
The depth of the complete state graph search is 3.
The average outdegree of the complete state graph is 0 (minimum is 0, the maximum 31 and the 95th percentile is 0).
Finished in 02s at (2026-09-17 03:49:28)
TLC2 Version 2.17 of 02 February 2022 (rev: 3c7caa5)
Running breadth-first search Model-Checking with fp 16 and seed -2677903170898736926 with 1 worker on 16 cores with 3641MB heap and 64MB offheap memory [pid: 58088] (Mac OS X 14.7.7 x86_64, Homebrew 21.0.12.1 x86_64, MSBDiskFPSet, DiskStateQueue).
Parsing file /private/tmp/tdf-ux-ui-20260917/formal/event-operations/EventLifecycle.tla
Parsing file /private/var/folders/0s/0tg301f95s51dvsjf74ksxjm0000gn/T/FiniteSets.tla
Parsing file /private/var/folders/0s/0tg301f95s51dvsjf74ksxjm0000gn/T/Naturals.tla
Parsing file /private/var/folders/0s/0tg301f95s51dvsjf74ksxjm0000gn/T/Sequences.tla
Parsing file /private/var/folders/0s/0tg301f95s51dvsjf74ksxjm0000gn/T/TLC.tla
Semantic processing of module Naturals
Semantic processing of module Sequences
Semantic processing of module FiniteSets
Semantic processing of module TLC
Semantic processing of module EventLifecycle
Starting... (2026-09-17 03:49:29)
Computing initial states...
Computed 2 initial states...
Computed 4 initial states...
Computed 8 initial states...
Finished computing initial states: 14 distinct states generated at 2026-09-17 03:49:29.
Progress(3) at 2026-09-17 03:49:32: 139,174 states generated (139,174 s/min), 139,174 distinct states found (139,174 ds/min), 132,298 states left on queue.
Model checking completed. No error has been found.
  Estimates of the probability that TLC did not check all reachable states
  because two distinct states had the same fingerprint:
  calculated (optimistic):  val = 0.0
139174 states generated, 139174 distinct states found, 0 states left on queue.
The depth of the complete state graph search is 3.
The average outdegree of the complete state graph is 0 (minimum is 0, the maximum 31 and the 95th percentile is 0).
Finished in 21s at (2026-09-17 03:49:50)
TLC2 Version 2.17 of 02 February 2022 (rev: 3c7caa5)
Running breadth-first search Model-Checking with fp 123 and seed 2399447165072155178 with 1 worker on 16 cores with 3641MB heap and 64MB offheap memory [pid: 58185] (Mac OS X 14.7.7 x86_64, Homebrew 21.0.12.1 x86_64, MSBDiskFPSet, DiskStateQueue).
Parsing file /private/tmp/tdf-ux-ui-20260917/formal/event-operations/EventLifecycle.tla
Parsing file /private/var/folders/0s/0tg301f95s51dvsjf74ksxjm0000gn/T/FiniteSets.tla
Parsing file /private/var/folders/0s/0tg301f95s51dvsjf74ksxjm0000gn/T/Naturals.tla
Parsing file /private/var/folders/0s/0tg301f95s51dvsjf74ksxjm0000gn/T/Sequences.tla
Parsing file /private/var/folders/0s/0tg301f95s51dvsjf74ksxjm0000gn/T/TLC.tla
Semantic processing of module Naturals
Semantic processing of module Sequences
Semantic processing of module FiniteSets
Semantic processing of module TLC
Semantic processing of module EventLifecycle
Starting... (2026-09-17 03:49:51)
Computing initial states...
Computed 2 initial states...
Computed 4 initial states...
Computed 8 initial states...
Finished computing initial states: 14 distinct states generated at 2026-09-17 03:49:52.
Error: Invariant AcceptedAuditIsAuthorized is violated.
Error: The behavior up to this point is:
State 1: <Initial predicate>
/\ seenCommands = {}
/\ visible = FALSE
/\ state = "settlement_pending"
/\ audit = <<>>
/\ revision = 0

State 2: <Approve line 64, col 3 to line 75, col 27 of module EventLifecycle>
/\ seenCommands = {c1}
/\ visible = FALSE
/\ state = "settled"
/\ audit = << [ from |-> "settlement_pending",
     to |-> "settled",
     actor |-> approver,
     command |-> c1,
     accepted |-> TRUE ] >>
/\ revision = 1

1275 states generated, 1275 distinct states found, 1264 states left on queue.
The depth of the complete state graph search is 2.
The average outdegree of the complete state graph is 31 (minimum is 31, the maximum 31 and the 95th percentile is 31).
Finished in 01s at (2026-09-17 03:49:52)
TLC2 Version 2.17 of 02 February 2022 (rev: 3c7caa5)
Running breadth-first search Model-Checking with fp 105 and seed 359633487373902418 with 1 worker on 16 cores with 3641MB heap and 64MB offheap memory [pid: 58247] (Mac OS X 14.7.7 x86_64, Homebrew 21.0.12.1 x86_64, MSBDiskFPSet, DiskStateQueue).
Parsing file /private/tmp/tdf-ux-ui-20260917/formal/event-operations/EventLifecycle.tla
Parsing file /private/var/folders/0s/0tg301f95s51dvsjf74ksxjm0000gn/T/FiniteSets.tla
Parsing file /private/var/folders/0s/0tg301f95s51dvsjf74ksxjm0000gn/T/Naturals.tla
Parsing file /private/var/folders/0s/0tg301f95s51dvsjf74ksxjm0000gn/T/Sequences.tla
Parsing file /private/var/folders/0s/0tg301f95s51dvsjf74ksxjm0000gn/T/TLC.tla
Semantic processing of module Naturals
Semantic processing of module Sequences
Semantic processing of module FiniteSets
Semantic processing of module TLC
Semantic processing of module EventLifecycle
Starting... (2026-09-17 03:49:53)
Computing initial states...
Computed 2 initial states...
Computed 4 initial states...
Computed 8 initial states...
Finished computing initial states: 14 distinct states generated at 2026-09-17 03:49:54.
Error: Invariant AcceptedAuditIsAuthorized is violated.
Error: The behavior up to this point is:
State 1: <Initial predicate>
/\ seenCommands = {}
/\ visible = FALSE
/\ state = "settled"
/\ audit = <<>>
/\ revision = 0

State 2: <Approve line 64, col 3 to line 75, col 27 of module EventLifecycle>
/\ seenCommands = {c1}
/\ visible = FALSE
/\ state = "archived"
/\ audit = << [ from |-> "settled",
     to |-> "archived",
     actor |-> owner,
     command |-> c1,
     accepted |-> TRUE ] >>
/\ revision = 1

1415 states generated, 1415 distinct states found, 1403 states left on queue.
The depth of the complete state graph search is 2.
The average outdegree of the complete state graph is 31 (minimum is 31, the maximum 31 and the 95th percentile is 31).
Finished in 01s at (2026-09-17 03:49:54)
TLC2 Version 2.17 of 02 February 2022 (rev: 3c7caa5)
Running breadth-first search Model-Checking with fp 127 and seed -528058751075589429 with 1 worker on 16 cores with 3641MB heap and 64MB offheap memory [pid: 58253] (Mac OS X 14.7.7 x86_64, Homebrew 21.0.12.1 x86_64, MSBDiskFPSet, DiskStateQueue).
Parsing file /private/tmp/tdf-ux-ui-20260917/formal/event-operations/EventLifecycle.tla
Parsing file /private/var/folders/0s/0tg301f95s51dvsjf74ksxjm0000gn/T/FiniteSets.tla
Parsing file /private/var/folders/0s/0tg301f95s51dvsjf74ksxjm0000gn/T/Naturals.tla
Parsing file /private/var/folders/0s/0tg301f95s51dvsjf74ksxjm0000gn/T/Sequences.tla
Parsing file /private/var/folders/0s/0tg301f95s51dvsjf74ksxjm0000gn/T/TLC.tla
Semantic processing of module Naturals
Semantic processing of module Sequences
Semantic processing of module FiniteSets
Semantic processing of module TLC
Semantic processing of module EventLifecycle
Starting... (2026-09-17 03:49:55)
Computing initial states...
Finished computing initial states: 1 distinct state generated at 2026-09-17 03:49:56.
Error: Action property AuditAppendOnly is violated.
Error: The behavior up to this point is:
State 1: <Initial predicate>
/\ seenCommands = {}
/\ visible = FALSE
/\ state = "draft"
/\ audit = <<>>
/\ revision = 0

State 2: <Approve line 64, col 3 to line 75, col 27 of module EventLifecycle>
/\ seenCommands = {c1}
/\ visible = FALSE
/\ state = "planning"
/\ audit = << [ from |-> "draft",
     to |-> "planning",
     actor |-> owner,
     command |-> c1,
     accepted |-> TRUE ] >>
/\ revision = 1

State 3: <RewriteAudit line 89, col 3 to line 93, col 57 of module EventLifecycle>
/\ seenCommands = {c1}
/\ visible = FALSE
/\ state = "planning"
/\ audit = << [ from |-> "draft",
     to |-> "planning",
     actor |-> outsider,
     command |-> c1,
     accepted |-> TRUE ] >>
/\ revision = 1

142 states generated, 142 distinct states found, 139 states left on queue.
The depth of the complete state graph search is 3.
The average outdegree of the complete state graph is 31 (minimum is 31, the maximum 31 and the 95th percentile is 31).
Finished in 01s at (2026-09-17 03:49:56)
TLC2 Version 2.17 of 02 February 2022 (rev: 3c7caa5)
Running breadth-first search Model-Checking with fp 95 and seed -3718597505223305089 with 1 worker on 16 cores with 3641MB heap and 64MB offheap memory [pid: 58256] (Mac OS X 14.7.7 x86_64, Homebrew 21.0.12.1 x86_64, MSBDiskFPSet, DiskStateQueue).
Parsing file /private/tmp/tdf-ux-ui-20260917/formal/event-operations/ReservationRace.tla
!! WARNING: The TLA+ translation in module ReservationRace has changed since its last translation.
Parsing file /private/var/folders/0s/0tg301f95s51dvsjf74ksxjm0000gn/T/FiniteSets.tla
Parsing file /private/var/folders/0s/0tg301f95s51dvsjf74ksxjm0000gn/T/Integers.tla
Parsing file /private/var/folders/0s/0tg301f95s51dvsjf74ksxjm0000gn/T/Sequences.tla
Parsing file /private/var/folders/0s/0tg301f95s51dvsjf74ksxjm0000gn/T/TLC.tla
Parsing file /private/var/folders/0s/0tg301f95s51dvsjf74ksxjm0000gn/T/Naturals.tla
Semantic processing of module Naturals
Semantic processing of module Sequences
Semantic processing of module FiniteSets
Semantic processing of module Integers
Semantic processing of module TLC
Semantic processing of module ReservationRace
Starting... (2026-09-17 03:49:57)
Computing initial states...
Finished computing initial states: 1 distinct state generated at 2026-09-17 03:49:57.
Model checking completed. No error has been found.
  Estimates of the probability that TLC did not check all reachable states
  because two distinct states had the same fingerprint:
  calculated (optimistic):  val = 5.4E-19
7 states generated, 5 distinct states found, 0 states left on queue.
The depth of the complete state graph search is 3.
The average outdegree of the complete state graph is 1 (minimum is 0, the maximum 2 and the 95th percentile is 2).
Finished in 01s at (2026-09-17 03:49:57)
TLC2 Version 2.17 of 02 February 2022 (rev: 3c7caa5)
Running breadth-first search Model-Checking with fp 79 and seed 2178684803300615032 with 1 worker on 16 cores with 3641MB heap and 64MB offheap memory [pid: 58257] (Mac OS X 14.7.7 x86_64, Homebrew 21.0.12.1 x86_64, MSBDiskFPSet, DiskStateQueue).
Parsing file /private/tmp/tdf-ux-ui-20260917/formal/event-operations/ReservationRace.tla
!! WARNING: The TLA+ translation in module ReservationRace has changed since its last translation.
Parsing file /private/var/folders/0s/0tg301f95s51dvsjf74ksxjm0000gn/T/FiniteSets.tla
Parsing file /private/var/folders/0s/0tg301f95s51dvsjf74ksxjm0000gn/T/Integers.tla
Parsing file /private/var/folders/0s/0tg301f95s51dvsjf74ksxjm0000gn/T/Sequences.tla
Parsing file /private/var/folders/0s/0tg301f95s51dvsjf74ksxjm0000gn/T/TLC.tla
Parsing file /private/var/folders/0s/0tg301f95s51dvsjf74ksxjm0000gn/T/Naturals.tla
Semantic processing of module Naturals
Semantic processing of module Sequences
Semantic processing of module FiniteSets
Semantic processing of module Integers
Semantic processing of module TLC
Semantic processing of module ReservationRace
Starting... (2026-09-17 03:49:58)
Computing initial states...
Finished computing initial states: 1 distinct state generated at 2026-09-17 03:49:59.
Model checking completed. No error has been found.
  Estimates of the probability that TLC did not check all reachable states
  because two distinct states had the same fingerprint:
  calculated (optimistic):  val = 5.4E-19
7 states generated, 5 distinct states found, 0 states left on queue.
The depth of the complete state graph search is 3.
The average outdegree of the complete state graph is 1 (minimum is 0, the maximum 2 and the 95th percentile is 2).
Finished in 01s at (2026-09-17 03:49:59)
TLC2 Version 2.17 of 02 February 2022 (rev: 3c7caa5)
Running breadth-first search Model-Checking with fp 97 and seed 3031638842151524639 with 1 worker on 16 cores with 3641MB heap and 64MB offheap memory [pid: 58258] (Mac OS X 14.7.7 x86_64, Homebrew 21.0.12.1 x86_64, MSBDiskFPSet, DiskStateQueue).
Parsing file /private/tmp/tdf-ux-ui-20260917/formal/event-operations/InvitationSafety.tla
Parsing file /private/var/folders/0s/0tg301f95s51dvsjf74ksxjm0000gn/T/FiniteSets.tla
Parsing file /private/var/folders/0s/0tg301f95s51dvsjf74ksxjm0000gn/T/Naturals.tla
Parsing file /private/var/folders/0s/0tg301f95s51dvsjf74ksxjm0000gn/T/Sequences.tla
Parsing file /private/var/folders/0s/0tg301f95s51dvsjf74ksxjm0000gn/T/TLC.tla
Semantic processing of module Naturals
Semantic processing of module Sequences
Semantic processing of module FiniteSets
Semantic processing of module TLC
Semantic processing of module InvitationSafety
Starting... (2026-09-17 03:50:00)
Computing initial states...
Finished computing initial states: 1 distinct state generated at 2026-09-17 03:50:00.
Model checking completed. No error has been found.
  Estimates of the probability that TLC did not check all reachable states
  because two distinct states had the same fingerprint:
  calculated (optimistic):  val = 9.6E-15
1107 states generated, 912 distinct states found, 0 states left on queue.
The depth of the complete state graph search is 7.
The average outdegree of the complete state graph is 1 (minimum is 0, the maximum 10 and the 95th percentile is 5).
Finished in 00s at (2026-09-17 03:50:00)
TLC2 Version 2.17 of 02 February 2022 (rev: 3c7caa5)
Running breadth-first search Model-Checking with fp 79 and seed 8103451347364071899 with 1 worker on 16 cores with 3641MB heap and 64MB offheap memory [pid: 58259] (Mac OS X 14.7.7 x86_64, Homebrew 21.0.12.1 x86_64, MSBDiskFPSet, DiskStateQueue).
Parsing file /private/tmp/tdf-ux-ui-20260917/formal/event-operations/TaskRaci.tla
Parsing file /private/var/folders/0s/0tg301f95s51dvsjf74ksxjm0000gn/T/FiniteSets.tla
Parsing file /private/var/folders/0s/0tg301f95s51dvsjf74ksxjm0000gn/T/Naturals.tla
Parsing file /private/var/folders/0s/0tg301f95s51dvsjf74ksxjm0000gn/T/Sequences.tla
Parsing file /private/var/folders/0s/0tg301f95s51dvsjf74ksxjm0000gn/T/TLC.tla
Semantic processing of module Naturals
Semantic processing of module Sequences
Semantic processing of module FiniteSets
Semantic processing of module TLC
Semantic processing of module TaskRaci
Starting... (2026-09-17 03:50:01)
Computing initial states...
Finished computing initial states: 1 distinct state generated at 2026-09-17 03:50:02.
Model checking completed. No error has been found.
  Estimates of the probability that TLC did not check all reachable states
  because two distinct states had the same fingerprint:
  calculated (optimistic):  val = 3.2E-13
5810 states generated, 1338 distinct states found, 0 states left on queue.
The depth of the complete state graph search is 10.
The average outdegree of the complete state graph is 1 (minimum is 0, the maximum 11 and the 95th percentile is 4).
Finished in 01s at (2026-09-17 03:50:02)
TLC2 Version 2.17 of 02 February 2022 (rev: 3c7caa5)
Running breadth-first search Model-Checking with fp 42 and seed -8565080408158657296 with 1 worker on 16 cores with 3641MB heap and 64MB offheap memory [pid: 58277] (Mac OS X 14.7.7 x86_64, Homebrew 21.0.12.1 x86_64, MSBDiskFPSet, DiskStateQueue).
Parsing file /private/tmp/tdf-ux-ui-20260917/formal/event-operations/ContractPayment.tla
Parsing file /private/var/folders/0s/0tg301f95s51dvsjf74ksxjm0000gn/T/FiniteSets.tla
Parsing file /private/var/folders/0s/0tg301f95s51dvsjf74ksxjm0000gn/T/Naturals.tla
Parsing file /private/var/folders/0s/0tg301f95s51dvsjf74ksxjm0000gn/T/TLC.tla
Parsing file /private/var/folders/0s/0tg301f95s51dvsjf74ksxjm0000gn/T/Sequences.tla
Semantic processing of module Naturals
Semantic processing of module Sequences
Semantic processing of module FiniteSets
Semantic processing of module TLC
Semantic processing of module ContractPayment
Starting... (2026-09-17 03:50:03)
Computing initial states...
Finished computing initial states: 1 distinct state generated at 2026-09-17 03:50:05.
Model checking completed. No error has been found.
  Estimates of the probability that TLC did not check all reachable states
  because two distinct states had the same fingerprint:
  calculated (optimistic):  val = 1.3E-17
31 states generated, 16 distinct states found, 0 states left on queue.
The depth of the complete state graph search is 8.
The average outdegree of the complete state graph is 1 (minimum is 0, the maximum 3 and the 95th percentile is 3).
Finished in 02s at (2026-09-17 03:50:05)
TLC2 Version 2.17 of 02 February 2022 (rev: 3c7caa5)
Running breadth-first search Model-Checking with fp 35 and seed -6017008476088977699 with 1 worker on 16 cores with 3641MB heap and 64MB offheap memory [pid: 58279] (Mac OS X 14.7.7 x86_64, Homebrew 21.0.12.1 x86_64, MSBDiskFPSet, DiskStateQueue).
Parsing file /private/tmp/tdf-ux-ui-20260917/formal/event-operations/OperationalLiveness.tla
Parsing file /private/var/folders/0s/0tg301f95s51dvsjf74ksxjm0000gn/T/Naturals.tla
Parsing file /private/var/folders/0s/0tg301f95s51dvsjf74ksxjm0000gn/T/TLC.tla
Parsing file /private/var/folders/0s/0tg301f95s51dvsjf74ksxjm0000gn/T/Sequences.tla
Parsing file /private/var/folders/0s/0tg301f95s51dvsjf74ksxjm0000gn/T/FiniteSets.tla
Semantic processing of module Naturals
Semantic processing of module Sequences
Semantic processing of module FiniteSets
Semantic processing of module TLC
Semantic processing of module OperationalLiveness
Starting... (2026-09-17 03:50:07)
Implied-temporal checking--satisfiability problem has 5 branches.
Computing initial states...
Finished computing initial states: 1 distinct state generated at 2026-09-17 03:50:07.
Progress(11) at 2026-09-17 03:50:08: 5,713 states generated, 1,440 distinct states found, 0 states left on queue.
Checking 5 branches of temporal properties for the complete state space with 7200 total distinct states at (2026-09-17 03:50:08)
Finished checking temporal properties in 00s at 2026-09-17 03:50:08
Model checking completed. No error has been found.
  Estimates of the probability that TLC did not check all reachable states
  because two distinct states had the same fingerprint:
  calculated (optimistic):  val = 3.3E-13
5713 states generated, 1440 distinct states found, 0 states left on queue.
The depth of the complete state graph search is 11.
The average outdegree of the complete state graph is 1 (minimum is 0, the maximum 12 and the 95th percentile is 7).
Finished in 02s at (2026-09-17 03:50:08)
00. run   EventOperationsScenario     0    1/1     SAT
00. check ExactlyOneAccountable     0       UNSAT
00. check RequiredResponsibleIsPresent     0       UNSAT
00. check DependenciesAreAcyclic     0       UNSAT
00. check ConfirmedContractUsesOneAcceptedVersion     0       UNSAT
00. check ExclusiveConflictHasAuthorizedOverride     0       UNSAT
00. check InvitationCannotExpandScopes     0       UNSAT
00. check RestrictedReadRequiresEventRelationship     0       UNSAT
00. check RaciAssignmentsAreNotOrphaned     0       UNSAT
Event operations formal verification passed within the documented finite bounds.
