perl: warning: Setting locale failed.
perl: warning: Please check that your locale settings:
	LC_ALL = "C.UTF-8",
	LC_CTYPE = "C.UTF-8",
	LANG = "C.UTF-8"
    are supported and installed on your system.
perl: warning: Falling back to the standard locale ("C").
perl: warning: Setting locale failed.
perl: warning: Please check that your locale settings:
	LC_ALL = "C.UTF-8",
	LC_CTYPE = "C.UTF-8",
	LANG = "C.UTF-8"
    are supported and installed on your system.
perl: warning: Falling back to the standard locale ("C").
Picked up JAVA_TOOL_OPTIONS: -Xmx512m
TLC2 Version 2.17 of 02 February 2022 (rev: 3c7caa5)
Running breadth-first search Model-Checking with fp 125 and seed 5752872442089270323 with 1 worker on 16 cores with 455MB heap and 64MB offheap memory [pid: 8356] (Mac OS X 14.7.7 x86_64, Homebrew 21.0.12.1 x86_64, MSBDiskFPSet, DiskStateQueue).
Parsing file /private/tmp/tdf-ux-ui-20260917/formal/event-operations/EventLifecycle.tla
Parsing file /private/var/folders/0s/0tg301f95s51dvsjf74ksxjm0000gn/T/FiniteSets.tla
Parsing file /private/var/folders/0s/0tg301f95s51dvsjf74ksxjm0000gn/T/Naturals.tla
Parsing file /private/var/folders/0s/0tg301f95s51dvsjf74ksxjm0000gn/T/Sequences.tla
Parsing file /private/var/folders/0s/0tg301f95s51dvsjf74ksxjm0000gn/T/TLC.tla
Semantic processing of module Naturals
Semantic processing of module Sequences
Semantic processing of module FiniteSets
Semantic processing of module TLC
Semantic processing of module EventLifecycle
Starting... (2026-09-17 16:05:22)
Computing initial states...
Finished computing initial states: 1 distinct state generated at 2026-09-17 16:05:22.
Model checking completed. No error has been found.
  Estimates of the probability that TLC did not check all reachable states
  because two distinct states had the same fingerprint:
  calculated (optimistic):  val = 0.0
9941 states generated, 9941 distinct states found, 0 states left on queue.
The depth of the complete state graph search is 3.
The average outdegree of the complete state graph is 0 (minimum is 0, the maximum 31 and the 95th percentile is 0).
Finished in 02s at (2026-09-17 16:05:24)
Picked up JAVA_TOOL_OPTIONS: -Xmx512m
TLC2 Version 2.17 of 02 February 2022 (rev: 3c7caa5)
Running breadth-first search Model-Checking with fp 107 and seed 1969314250834451871 with 1 worker on 16 cores with 455MB heap and 64MB offheap memory [pid: 8483] (Mac OS X 14.7.7 x86_64, Homebrew 21.0.12.1 x86_64, MSBDiskFPSet, DiskStateQueue).
Parsing file /private/tmp/tdf-ux-ui-20260917/formal/event-operations/EventLifecycle.tla
Parsing file /private/var/folders/0s/0tg301f95s51dvsjf74ksxjm0000gn/T/FiniteSets.tla
Parsing file /private/var/folders/0s/0tg301f95s51dvsjf74ksxjm0000gn/T/Naturals.tla
Parsing file /private/var/folders/0s/0tg301f95s51dvsjf74ksxjm0000gn/T/Sequences.tla
Parsing file /private/var/folders/0s/0tg301f95s51dvsjf74ksxjm0000gn/T/TLC.tla
Semantic processing of module Naturals
Semantic processing of module Sequences
Semantic processing of module FiniteSets
Semantic processing of module TLC
Semantic processing of module EventLifecycle
Starting... (2026-09-17 16:05:25)
Computing initial states...
Computed 2 initial states...
Computed 4 initial states...
Computed 8 initial states...
Finished computing initial states: 14 distinct states generated at 2026-09-17 16:05:26.
Progress(3) at 2026-09-17 16:05:29: 36,210 states generated (36,210 s/min), 36,209 distinct states found (36,209 ds/min), 35,708 states left on queue.
Model checking completed. No error has been found.
  Estimates of the probability that TLC did not check all reachable states
  because two distinct states had the same fingerprint:
  calculated (optimistic):  val = 0.0
139174 states generated, 139174 distinct states found, 0 states left on queue.
The depth of the complete state graph search is 3.
The average outdegree of the complete state graph is 0 (minimum is 0, the maximum 31 and the 95th percentile is 0).
Finished in 33s at (2026-09-17 16:05:58)
Picked up JAVA_TOOL_OPTIONS: -Xmx512m
TLC2 Version 2.17 of 02 February 2022 (rev: 3c7caa5)
Running breadth-first search Model-Checking with fp 45 and seed 6885577455521727229 with 1 worker on 16 cores with 455MB heap and 64MB offheap memory [pid: 9779] (Mac OS X 14.7.7 x86_64, Homebrew 21.0.12.1 x86_64, MSBDiskFPSet, DiskStateQueue).
Parsing file /private/tmp/tdf-ux-ui-20260917/formal/event-operations/EventLifecycle.tla
Parsing file /private/var/folders/0s/0tg301f95s51dvsjf74ksxjm0000gn/T/FiniteSets.tla
Parsing file /private/var/folders/0s/0tg301f95s51dvsjf74ksxjm0000gn/T/Naturals.tla
Parsing file /private/var/folders/0s/0tg301f95s51dvsjf74ksxjm0000gn/T/Sequences.tla
Parsing file /private/var/folders/0s/0tg301f95s51dvsjf74ksxjm0000gn/T/TLC.tla
Semantic processing of module Naturals
Semantic processing of module Sequences
Semantic processing of module FiniteSets
Semantic processing of module TLC
Semantic processing of module EventLifecycle
Starting... (2026-09-17 16:05:59)
Computing initial states...
Computed 2 initial states...
Computed 4 initial states...
Computed 8 initial states...
Finished computing initial states: 14 distinct states generated at 2026-09-17 16:05:59.
Error: Invariant AcceptedAuditIsAuthorized is violated.
Error: The behavior up to this point is:
State 1: <Initial predicate>
/\ seenCommands = {}
/\ visible = FALSE
/\ state = "settlement_pending"
/\ audit = <<>>
/\ revision = 0

State 2: <Approve line 64, col 3 to line 75, col 27 of module EventLifecycle>
/\ seenCommands = {c1}
/\ visible = FALSE
/\ state = "settled"
/\ audit = << [ from |-> "settlement_pending",
     to |-> "settled",
     actor |-> approver,
     command |-> c1,
     accepted |-> TRUE ] >>
/\ revision = 1

1275 states generated, 1275 distinct states found, 1264 states left on queue.
The depth of the complete state graph search is 2.
The average outdegree of the complete state graph is 31 (minimum is 31, the maximum 31 and the 95th percentile is 31).
Finished in 01s at (2026-09-17 16:06:00)
Picked up JAVA_TOOL_OPTIONS: -Xmx512m
TLC2 Version 2.17 of 02 February 2022 (rev: 3c7caa5)
Running breadth-first search Model-Checking with fp 126 and seed -2154471633517327454 with 1 worker on 16 cores with 455MB heap and 64MB offheap memory [pid: 9793] (Mac OS X 14.7.7 x86_64, Homebrew 21.0.12.1 x86_64, MSBDiskFPSet, DiskStateQueue).
Parsing file /private/tmp/tdf-ux-ui-20260917/formal/event-operations/EventLifecycle.tla
Parsing file /private/var/folders/0s/0tg301f95s51dvsjf74ksxjm0000gn/T/FiniteSets.tla
Parsing file /private/var/folders/0s/0tg301f95s51dvsjf74ksxjm0000gn/T/Naturals.tla
Parsing file /private/var/folders/0s/0tg301f95s51dvsjf74ksxjm0000gn/T/Sequences.tla
Parsing file /private/var/folders/0s/0tg301f95s51dvsjf74ksxjm0000gn/T/TLC.tla
Semantic processing of module Naturals
Semantic processing of module Sequences
Semantic processing of module FiniteSets
Semantic processing of module TLC
Semantic processing of module EventLifecycle
Starting... (2026-09-17 16:06:01)
Computing initial states...
Computed 2 initial states...
Computed 4 initial states...
Computed 8 initial states...
Finished computing initial states: 14 distinct states generated at 2026-09-17 16:06:01.
Error: Invariant AcceptedAuditIsAuthorized is violated.
Error: The behavior up to this point is:
State 1: <Initial predicate>
/\ seenCommands = {}
/\ visible = FALSE
/\ state = "settled"
/\ audit = <<>>
/\ revision = 0

State 2: <Approve line 64, col 3 to line 75, col 27 of module EventLifecycle>
/\ seenCommands = {c1}
/\ visible = FALSE
/\ state = "archived"
/\ audit = << [ from |-> "settled",
     to |-> "archived",
     actor |-> owner,
     command |-> c1,
     accepted |-> TRUE ] >>
/\ revision = 1

1415 states generated, 1415 distinct states found, 1403 states left on queue.
The depth of the complete state graph search is 2.
The average outdegree of the complete state graph is 31 (minimum is 31, the maximum 31 and the 95th percentile is 31).
Finished in 00s at (2026-09-17 16:06:01)
Picked up JAVA_TOOL_OPTIONS: -Xmx512m
TLC2 Version 2.17 of 02 February 2022 (rev: 3c7caa5)
Running breadth-first search Model-Checking with fp 128 and seed -3263263559272614663 with 1 worker on 16 cores with 455MB heap and 64MB offheap memory [pid: 9796] (Mac OS X 14.7.7 x86_64, Homebrew 21.0.12.1 x86_64, MSBDiskFPSet, DiskStateQueue).
Parsing file /private/tmp/tdf-ux-ui-20260917/formal/event-operations/EventLifecycle.tla
Parsing file /private/var/folders/0s/0tg301f95s51dvsjf74ksxjm0000gn/T/FiniteSets.tla
Parsing file /private/var/folders/0s/0tg301f95s51dvsjf74ksxjm0000gn/T/Naturals.tla
Parsing file /private/var/folders/0s/0tg301f95s51dvsjf74ksxjm0000gn/T/Sequences.tla
Parsing file /private/var/folders/0s/0tg301f95s51dvsjf74ksxjm0000gn/T/TLC.tla
Semantic processing of module Naturals
Semantic processing of module Sequences
Semantic processing of module FiniteSets
Semantic processing of module TLC
Semantic processing of module EventLifecycle
Starting... (2026-09-17 16:06:02)
Computing initial states...
Finished computing initial states: 1 distinct state generated at 2026-09-17 16:06:03.
Error: Action property AuditAppendOnly is violated.
Error: The behavior up to this point is:
State 1: <Initial predicate>
/\ seenCommands = {}
/\ visible = FALSE
/\ state = "draft"
/\ audit = <<>>
/\ revision = 0

State 2: <Approve line 64, col 3 to line 75, col 27 of module EventLifecycle>
/\ seenCommands = {c1}
/\ visible = FALSE
/\ state = "planning"
/\ audit = << [ from |-> "draft",
     to |-> "planning",
     actor |-> owner,
     command |-> c1,
     accepted |-> TRUE ] >>
/\ revision = 1

State 3: <RewriteAudit line 89, col 3 to line 93, col 57 of module EventLifecycle>
/\ seenCommands = {c1}
/\ visible = FALSE
/\ state = "planning"
/\ audit = << [ from |-> "draft",
     to |-> "planning",
     actor |-> outsider,
     command |-> c1,
     accepted |-> TRUE ] >>
/\ revision = 1

142 states generated, 142 distinct states found, 139 states left on queue.
The depth of the complete state graph search is 3.
The average outdegree of the complete state graph is 31 (minimum is 31, the maximum 31 and the 95th percentile is 31).
Finished in 00s at (2026-09-17 16:06:03)
Picked up JAVA_TOOL_OPTIONS: -Xmx512m
TLC2 Version 2.17 of 02 February 2022 (rev: 3c7caa5)
Running breadth-first search Model-Checking with fp 15 and seed -5211323924383571973 with 1 worker on 16 cores with 455MB heap and 64MB offheap memory [pid: 9814] (Mac OS X 14.7.7 x86_64, Homebrew 21.0.12.1 x86_64, MSBDiskFPSet, DiskStateQueue).
Parsing file /private/tmp/tdf-ux-ui-20260917/formal/event-operations/ReservationRace.tla
!! WARNING: The TLA+ translation in module ReservationRace has changed since its last translation.
Parsing file /private/var/folders/0s/0tg301f95s51dvsjf74ksxjm0000gn/T/FiniteSets.tla
Parsing file /private/var/folders/0s/0tg301f95s51dvsjf74ksxjm0000gn/T/Integers.tla
Parsing file /private/var/folders/0s/0tg301f95s51dvsjf74ksxjm0000gn/T/Sequences.tla
Parsing file /private/var/folders/0s/0tg301f95s51dvsjf74ksxjm0000gn/T/TLC.tla
Parsing file /private/var/folders/0s/0tg301f95s51dvsjf74ksxjm0000gn/T/Naturals.tla
Semantic processing of module Naturals
Semantic processing of module Sequences
Semantic processing of module FiniteSets
Semantic processing of module Integers
Semantic processing of module TLC
Semantic processing of module ReservationRace
Starting... (2026-09-17 16:06:04)
Computing initial states...
Finished computing initial states: 1 distinct state generated at 2026-09-17 16:06:04.
Model checking completed. No error has been found.
  Estimates of the probability that TLC did not check all reachable states
  because two distinct states had the same fingerprint:
  calculated (optimistic):  val = 5.4E-19
7 states generated, 5 distinct states found, 0 states left on queue.
The depth of the complete state graph search is 3.
The average outdegree of the complete state graph is 1 (minimum is 0, the maximum 2 and the 95th percentile is 2).
Finished in 00s at (2026-09-17 16:06:04)
Picked up JAVA_TOOL_OPTIONS: -Xmx512m
TLC2 Version 2.17 of 02 February 2022 (rev: 3c7caa5)
Running breadth-first search Model-Checking with fp 116 and seed 747381782914227495 with 1 worker on 16 cores with 455MB heap and 64MB offheap memory [pid: 9839] (Mac OS X 14.7.7 x86_64, Homebrew 21.0.12.1 x86_64, MSBDiskFPSet, DiskStateQueue).
Parsing file /private/tmp/tdf-ux-ui-20260917/formal/event-operations/ReservationRace.tla
!! WARNING: The TLA+ translation in module ReservationRace has changed since its last translation.
Parsing file /private/var/folders/0s/0tg301f95s51dvsjf74ksxjm0000gn/T/FiniteSets.tla
Parsing file /private/var/folders/0s/0tg301f95s51dvsjf74ksxjm0000gn/T/Integers.tla
Parsing file /private/var/folders/0s/0tg301f95s51dvsjf74ksxjm0000gn/T/Sequences.tla
Parsing file /private/var/folders/0s/0tg301f95s51dvsjf74ksxjm0000gn/T/TLC.tla
Parsing file /private/var/folders/0s/0tg301f95s51dvsjf74ksxjm0000gn/T/Naturals.tla
Semantic processing of module Naturals
Semantic processing of module Sequences
Semantic processing of module FiniteSets
Semantic processing of module Integers
Semantic processing of module TLC
Semantic processing of module ReservationRace
Starting... (2026-09-17 16:06:05)
Computing initial states...
Finished computing initial states: 1 distinct state generated at 2026-09-17 16:06:05.
Model checking completed. No error has been found.
  Estimates of the probability that TLC did not check all reachable states
  because two distinct states had the same fingerprint:
  calculated (optimistic):  val = 5.4E-19
7 states generated, 5 distinct states found, 0 states left on queue.
The depth of the complete state graph search is 3.
The average outdegree of the complete state graph is 1 (minimum is 0, the maximum 2 and the 95th percentile is 2).
Finished in 00s at (2026-09-17 16:06:05)
Picked up JAVA_TOOL_OPTIONS: -Xmx512m
TLC2 Version 2.17 of 02 February 2022 (rev: 3c7caa5)
Running breadth-first search Model-Checking with fp 32 and seed -4042137790104085745 with 1 worker on 16 cores with 455MB heap and 64MB offheap memory [pid: 9882] (Mac OS X 14.7.7 x86_64, Homebrew 21.0.12.1 x86_64, MSBDiskFPSet, DiskStateQueue).
Parsing file /private/tmp/tdf-ux-ui-20260917/formal/event-operations/InvitationSafety.tla
Parsing file /private/var/folders/0s/0tg301f95s51dvsjf74ksxjm0000gn/T/FiniteSets.tla
Parsing file /private/var/folders/0s/0tg301f95s51dvsjf74ksxjm0000gn/T/Naturals.tla
Parsing file /private/var/folders/0s/0tg301f95s51dvsjf74ksxjm0000gn/T/Sequences.tla
Parsing file /private/var/folders/0s/0tg301f95s51dvsjf74ksxjm0000gn/T/TLC.tla
Semantic processing of module Naturals
Semantic processing of module Sequences
Semantic processing of module FiniteSets
Semantic processing of module TLC
Semantic processing of module InvitationSafety
Starting... (2026-09-17 16:06:06)
Computing initial states...
Finished computing initial states: 1 distinct state generated at 2026-09-17 16:06:07.
Model checking completed. No error has been found.
  Estimates of the probability that TLC did not check all reachable states
  because two distinct states had the same fingerprint:
  calculated (optimistic):  val = 9.6E-15
1107 states generated, 912 distinct states found, 0 states left on queue.
The depth of the complete state graph search is 7.
The average outdegree of the complete state graph is 1 (minimum is 0, the maximum 10 and the 95th percentile is 5).
Finished in 00s at (2026-09-17 16:06:07)
Picked up JAVA_TOOL_OPTIONS: -Xmx512m
TLC2 Version 2.17 of 02 February 2022 (rev: 3c7caa5)
Running breadth-first search Model-Checking with fp 109 and seed 7398839657755073959 with 1 worker on 16 cores with 455MB heap and 64MB offheap memory [pid: 9898] (Mac OS X 14.7.7 x86_64, Homebrew 21.0.12.1 x86_64, MSBDiskFPSet, DiskStateQueue).
Parsing file /private/tmp/tdf-ux-ui-20260917/formal/event-operations/TaskRaci.tla
Parsing file /private/var/folders/0s/0tg301f95s51dvsjf74ksxjm0000gn/T/FiniteSets.tla
Parsing file /private/var/folders/0s/0tg301f95s51dvsjf74ksxjm0000gn/T/Naturals.tla
Parsing file /private/var/folders/0s/0tg301f95s51dvsjf74ksxjm0000gn/T/Sequences.tla
Parsing file /private/var/folders/0s/0tg301f95s51dvsjf74ksxjm0000gn/T/TLC.tla
Semantic processing of module Naturals
Semantic processing of module Sequences
Semantic processing of module FiniteSets
Semantic processing of module TLC
Semantic processing of module TaskRaci
Starting... (2026-09-17 16:06:08)
Computing initial states...
Finished computing initial states: 1 distinct state generated at 2026-09-17 16:06:08.
Model checking completed. No error has been found.
  Estimates of the probability that TLC did not check all reachable states
  because two distinct states had the same fingerprint:
  calculated (optimistic):  val = 3.2E-13
5810 states generated, 1338 distinct states found, 0 states left on queue.
The depth of the complete state graph search is 10.
The average outdegree of the complete state graph is 1 (minimum is 0, the maximum 11 and the 95th percentile is 4).
Finished in 01s at (2026-09-17 16:06:09)
Picked up JAVA_TOOL_OPTIONS: -Xmx512m
TLC2 Version 2.17 of 02 February 2022 (rev: 3c7caa5)
Running breadth-first search Model-Checking with fp 129 and seed 6219302794117847263 with 1 worker on 16 cores with 455MB heap and 64MB offheap memory [pid: 9901] (Mac OS X 14.7.7 x86_64, Homebrew 21.0.12.1 x86_64, MSBDiskFPSet, DiskStateQueue).
Parsing file /private/tmp/tdf-ux-ui-20260917/formal/event-operations/ContractPayment.tla
Parsing file /private/var/folders/0s/0tg301f95s51dvsjf74ksxjm0000gn/T/FiniteSets.tla
Parsing file /private/var/folders/0s/0tg301f95s51dvsjf74ksxjm0000gn/T/Naturals.tla
Parsing file /private/var/folders/0s/0tg301f95s51dvsjf74ksxjm0000gn/T/TLC.tla
Parsing file /private/var/folders/0s/0tg301f95s51dvsjf74ksxjm0000gn/T/Sequences.tla
Semantic processing of module Naturals
Semantic processing of module Sequences
Semantic processing of module FiniteSets
Semantic processing of module TLC
Semantic processing of module ContractPayment
Starting... (2026-09-17 16:06:10)
Computing initial states...
Finished computing initial states: 1 distinct state generated at 2026-09-17 16:06:10.
Model checking completed. No error has been found.
  Estimates of the probability that TLC did not check all reachable states
  because two distinct states had the same fingerprint:
  calculated (optimistic):  val = 1.3E-17
31 states generated, 16 distinct states found, 0 states left on queue.
The depth of the complete state graph search is 8.
The average outdegree of the complete state graph is 1 (minimum is 0, the maximum 3 and the 95th percentile is 3).
Finished in 00s at (2026-09-17 16:06:10)
Picked up JAVA_TOOL_OPTIONS: -Xmx512m
TLC2 Version 2.17 of 02 February 2022 (rev: 3c7caa5)
Running breadth-first search Model-Checking with fp 61 and seed 2391835065991844455 with 1 worker on 16 cores with 455MB heap and 64MB offheap memory [pid: 9902] (Mac OS X 14.7.7 x86_64, Homebrew 21.0.12.1 x86_64, MSBDiskFPSet, DiskStateQueue).
Parsing file /private/tmp/tdf-ux-ui-20260917/formal/event-operations/OperationalLiveness.tla
Parsing file /private/var/folders/0s/0tg301f95s51dvsjf74ksxjm0000gn/T/Naturals.tla
Parsing file /private/var/folders/0s/0tg301f95s51dvsjf74ksxjm0000gn/T/TLC.tla
Parsing file /private/var/folders/0s/0tg301f95s51dvsjf74ksxjm0000gn/T/Sequences.tla
Parsing file /private/var/folders/0s/0tg301f95s51dvsjf74ksxjm0000gn/T/FiniteSets.tla
Semantic processing of module Naturals
Semantic processing of module Sequences
Semantic processing of module FiniteSets
Semantic processing of module TLC
Semantic processing of module OperationalLiveness
Starting... (2026-09-17 16:06:11)
Implied-temporal checking--satisfiability problem has 5 branches.
Computing initial states...
Finished computing initial states: 1 distinct state generated at 2026-09-17 16:06:11.
Progress(11) at 2026-09-17 16:06:12: 5,713 states generated, 1,440 distinct states found, 0 states left on queue.
Checking 5 branches of temporal properties for the complete state space with 7200 total distinct states at (2026-09-17 16:06:12)
Finished checking temporal properties in 00s at 2026-09-17 16:06:12
Model checking completed. No error has been found.
  Estimates of the probability that TLC did not check all reachable states
  because two distinct states had the same fingerprint:
  calculated (optimistic):  val = 3.3E-13
5713 states generated, 1440 distinct states found, 0 states left on queue.
The depth of the complete state graph search is 11.
The average outdegree of the complete state graph is 1 (minimum is 0, the maximum 12 and the 95th percentile is 7).
Finished in 01s at (2026-09-17 16:06:12)
Picked up JAVA_TOOL_OPTIONS: -Xmx512m
TLC2 Version 2.17 of 02 February 2022 (rev: 3c7caa5)
Running breadth-first search Model-Checking with fp 119 and seed 4529858811817079217 with 1 worker on 16 cores with 455MB heap and 64MB offheap memory [pid: 9903] (Mac OS X 14.7.7 x86_64, Homebrew 21.0.12.1 x86_64, MSBDiskFPSet, DiskStateQueue).
Parsing file /private/tmp/tdf-ux-ui-20260917/formal/event-operations/FanHubOnboarding.tla
Parsing file /private/var/folders/0s/0tg301f95s51dvsjf74ksxjm0000gn/T/Naturals.tla
Parsing file /private/var/folders/0s/0tg301f95s51dvsjf74ksxjm0000gn/T/FiniteSets.tla
Parsing file /private/var/folders/0s/0tg301f95s51dvsjf74ksxjm0000gn/T/TLC.tla
Parsing file /private/var/folders/0s/0tg301f95s51dvsjf74ksxjm0000gn/T/Sequences.tla
Semantic processing of module Naturals
Semantic processing of module Sequences
Semantic processing of module FiniteSets
Semantic processing of module TLC
Semantic processing of module FanHubOnboarding
Starting... (2026-09-17 16:06:13)
Computing initial states...
Finished computing initial states: 1 distinct state generated at 2026-09-17 16:06:14.
Model checking completed. No error has been found.
  Estimates of the probability that TLC did not check all reachable states
  because two distinct states had the same fingerprint:
  calculated (optimistic):  val = 1.2E-14
1249 states generated, 215 distinct states found, 0 states left on queue.
The depth of the complete state graph search is 12.
The average outdegree of the complete state graph is 1 (minimum is 0, the maximum 5 and the 95th percentile is 4).
Finished in 01s at (2026-09-17 16:06:14)
Picked up JAVA_TOOL_OPTIONS: -Xmx512m
TLC2 Version 2.17 of 02 February 2022 (rev: 3c7caa5)
Running breadth-first search Model-Checking with fp 116 and seed 8748144338299263435 with 1 worker on 16 cores with 455MB heap and 64MB offheap memory [pid: 9904] (Mac OS X 14.7.7 x86_64, Homebrew 21.0.12.1 x86_64, MSBDiskFPSet, DiskStateQueue).
Parsing file /private/tmp/tdf-ux-ui-20260917/formal/event-operations/FanHubOnboarding.tla
Parsing file /private/var/folders/0s/0tg301f95s51dvsjf74ksxjm0000gn/T/Naturals.tla
Parsing file /private/var/folders/0s/0tg301f95s51dvsjf74ksxjm0000gn/T/FiniteSets.tla
Parsing file /private/var/folders/0s/0tg301f95s51dvsjf74ksxjm0000gn/T/TLC.tla
Parsing file /private/var/folders/0s/0tg301f95s51dvsjf74ksxjm0000gn/T/Sequences.tla
Semantic processing of module Naturals
Semantic processing of module Sequences
Semantic processing of module FiniteSets
Semantic processing of module TLC
Semantic processing of module FanHubOnboarding
Starting... (2026-09-17 16:06:15)
Implied-temporal checking--satisfiability problem has 2 branches.
Computing initial states...
Finished computing initial states: 1 distinct state generated at 2026-09-17 16:06:15.
Progress(12) at 2026-09-17 16:06:15: 1,249 states generated, 215 distinct states found, 0 states left on queue.
Checking 2 branches of temporal properties for the complete state space with 430 total distinct states at (2026-09-17 16:06:15)
Finished checking temporal properties in 00s at 2026-09-17 16:06:15
Model checking completed. No error has been found.
  Estimates of the probability that TLC did not check all reachable states
  because two distinct states had the same fingerprint:
  calculated (optimistic):  val = 1.2E-14
1249 states generated, 215 distinct states found, 0 states left on queue.
The depth of the complete state graph search is 12.
The average outdegree of the complete state graph is 1 (minimum is 0, the maximum 5 and the 95th percentile is 4).
Finished in 01s at (2026-09-17 16:06:15)
Picked up JAVA_TOOL_OPTIONS: -Xmx512m
TLC2 Version 2.17 of 02 February 2022 (rev: 3c7caa5)
Running breadth-first search Model-Checking with fp 127 and seed -6719711089465407643 with 1 worker on 16 cores with 455MB heap and 64MB offheap memory [pid: 9905] (Mac OS X 14.7.7 x86_64, Homebrew 21.0.12.1 x86_64, MSBDiskFPSet, DiskStateQueue).
Parsing file /private/tmp/tdf-ux-ui-20260917/formal/event-operations/FanHubOnboarding.tla
Parsing file /private/var/folders/0s/0tg301f95s51dvsjf74ksxjm0000gn/T/Naturals.tla
Parsing file /private/var/folders/0s/0tg301f95s51dvsjf74ksxjm0000gn/T/FiniteSets.tla
Parsing file /private/var/folders/0s/0tg301f95s51dvsjf74ksxjm0000gn/T/TLC.tla
Parsing file /private/var/folders/0s/0tg301f95s51dvsjf74ksxjm0000gn/T/Sequences.tla
Semantic processing of module Naturals
Semantic processing of module Sequences
Semantic processing of module FiniteSets
Semantic processing of module TLC
Semantic processing of module FanHubOnboarding
Starting... (2026-09-17 16:06:17)
Implied-temporal checking--satisfiability problem has 2 branches.
Computing initial states...
Finished computing initial states: 1 distinct state generated at 2026-09-17 16:06:17.
Progress(12) at 2026-09-17 16:06:17: 1,249 states generated, 215 distinct states found, 0 states left on queue.
Checking 2 branches of temporal properties for the complete state space with 430 total distinct states at (2026-09-17 16:06:17)
Error: Temporal properties were violated.

Error: The following behavior constitutes a counter-example:

State 1: <Initial predicate>
/\ pending = {}
/\ contextOK = TRUE
/\ hidden = FALSE
/\ gen = 0
/\ readGen = 0
/\ consentOK = TRUE
/\ eligible = FALSE
/\ known = FALSE
/\ captured = <<0, 0>>
/\ terminalOK = TRUE

State 2: <Read line 18, col 3 to line 22, col 81 of module FanHubOnboarding>
/\ pending = {}
/\ contextOK = TRUE
/\ hidden = FALSE
/\ gen = 0
/\ readGen = 0
/\ consentOK = TRUE
/\ eligible = TRUE
/\ known = TRUE
/\ captured = <<0, 0>>
/\ terminalOK = TRUE

State 3: <Exit line 24, col 3 to line 29, col 79 of module FanHubOnboarding>
/\ pending = {1}
/\ contextOK = TRUE
/\ hidden = FALSE
/\ gen = 0
/\ readGen = 0
/\ consentOK = TRUE
/\ eligible = TRUE
/\ known = TRUE
/\ captured = <<0, 0>>
/\ terminalOK = TRUE

State 4: <Change line 11, col 11 to line 13, col 87 of module FanHubOnboarding>
/\ pending = {1}
/\ contextOK = TRUE
/\ hidden = FALSE
/\ gen = 1
/\ readGen = 0
/\ consentOK = TRUE
/\ eligible = FALSE
/\ known = FALSE
/\ captured = <<0, 0>>
/\ terminalOK = TRUE

State 5: <Change line 11, col 11 to line 13, col 87 of module FanHubOnboarding>
/\ pending = {1}
/\ contextOK = TRUE
/\ hidden = FALSE
/\ gen = 2
/\ readGen = 0
/\ consentOK = TRUE
/\ eligible = FALSE
/\ known = FALSE
/\ captured = <<0, 0>>
/\ terminalOK = TRUE

State 6: <StartRead line 14, col 14 to line 16, col 60 of module FanHubOnboarding>
/\ pending = {1}
/\ contextOK = TRUE
/\ hidden = FALSE
/\ gen = 2
/\ readGen = 2
/\ consentOK = TRUE
/\ eligible = FALSE
/\ known = FALSE
/\ captured = <<0, 0>>
/\ terminalOK = TRUE

State 7: <Read line 18, col 3 to line 22, col 81 of module FanHubOnboarding>
/\ pending = {1}
/\ contextOK = TRUE
/\ hidden = FALSE
/\ gen = 2
/\ readGen = 2
/\ consentOK = TRUE
/\ eligible = TRUE
/\ known = TRUE
/\ captured = <<0, 0>>
/\ terminalOK = TRUE

State 8: <Exit line 24, col 3 to line 29, col 79 of module FanHubOnboarding>
/\ pending = {1, 2}
/\ contextOK = TRUE
/\ hidden = FALSE
/\ gen = 2
/\ readGen = 2
/\ consentOK = TRUE
/\ eligible = TRUE
/\ known = TRUE
/\ captured = <<0, 2>>
/\ terminalOK = TRUE

State 9: <Receipt line 31, col 3 to line 37, col 69 of module FanHubOnboarding>
/\ pending = {1}
/\ contextOK = TRUE
/\ hidden = TRUE
/\ gen = 2
/\ readGen = 2
/\ consentOK = TRUE
/\ eligible = TRUE
/\ known = TRUE
/\ captured = <<0, 2>>
/\ terminalOK = TRUE

State 10: <Read line 18, col 3 to line 22, col 81 of module FanHubOnboarding>
/\ pending = {1}
/\ contextOK = TRUE
/\ hidden = TRUE
/\ gen = 2
/\ readGen = 2
/\ consentOK = TRUE
/\ eligible = FALSE
/\ known = TRUE
/\ captured = <<0, 2>>
/\ terminalOK = TRUE

State 11: Stuttering
Finished checking temporal properties in 00s at 2026-09-17 16:06:17
1249 states generated, 215 distinct states found, 0 states left on queue.
Finished in 01s at (2026-09-17 16:06:17)
Picked up JAVA_TOOL_OPTIONS: -Xmx512m
TLC2 Version 2.17 of 02 February 2022 (rev: 3c7caa5)
Running breadth-first search Model-Checking with fp 103 and seed -7824225726662190409 with 1 worker on 16 cores with 455MB heap and 64MB offheap memory [pid: 9910] (Mac OS X 14.7.7 x86_64, Homebrew 21.0.12.1 x86_64, MSBDiskFPSet, DiskStateQueue).
Parsing file /private/tmp/tdf-ux-ui-20260917/formal/event-operations/FanHubOnboarding.tla
Parsing file /private/var/folders/0s/0tg301f95s51dvsjf74ksxjm0000gn/T/Naturals.tla
Parsing file /private/var/folders/0s/0tg301f95s51dvsjf74ksxjm0000gn/T/FiniteSets.tla
Parsing file /private/var/folders/0s/0tg301f95s51dvsjf74ksxjm0000gn/T/TLC.tla
Parsing file /private/var/folders/0s/0tg301f95s51dvsjf74ksxjm0000gn/T/Sequences.tla
Semantic processing of module Naturals
Semantic processing of module Sequences
Semantic processing of module FiniteSets
Semantic processing of module TLC
Semantic processing of module FanHubOnboarding
Starting... (2026-09-17 16:06:18)
Computing initial states...
Finished computing initial states: 1 distinct state generated at 2026-09-17 16:06:18.
Error: Invariant ConsentOnly is violated.
Error: The behavior up to this point is:
State 1: <Initial predicate>
/\ pending = {}
/\ contextOK = TRUE
/\ hidden = FALSE
/\ gen = 0
/\ readGen = 0
/\ consentOK = TRUE
/\ eligible = FALSE
/\ known = FALSE
/\ captured = <<0, 0>>
/\ terminalOK = TRUE

State 2: <Read line 18, col 3 to line 22, col 81 of module FanHubOnboarding>
/\ pending = {}
/\ contextOK = TRUE
/\ hidden = FALSE
/\ gen = 0
/\ readGen = 0
/\ consentOK = TRUE
/\ eligible = TRUE
/\ known = TRUE
/\ captured = <<0, 0>>
/\ terminalOK = TRUE

State 3: <Exit line 24, col 3 to line 29, col 79 of module FanHubOnboarding>
/\ pending = {1}
/\ contextOK = TRUE
/\ hidden = FALSE
/\ gen = 0
/\ readGen = 0
/\ consentOK = FALSE
/\ eligible = TRUE
/\ known = TRUE
/\ captured = <<0, 0>>
/\ terminalOK = TRUE

14 states generated, 7 distinct states found, 3 states left on queue.
The depth of the complete state graph search is 3.
The average outdegree of the complete state graph is 3 (minimum is 2, the maximum 3 and the 95th percentile is 3).
Finished in 00s at (2026-09-17 16:06:19)
Picked up JAVA_TOOL_OPTIONS: -Xmx512m
TLC2 Version 2.17 of 02 February 2022 (rev: 3c7caa5)
Running breadth-first search Model-Checking with fp 1 and seed -1567967331459510532 with 1 worker on 16 cores with 455MB heap and 64MB offheap memory [pid: 9914] (Mac OS X 14.7.7 x86_64, Homebrew 21.0.12.1 x86_64, MSBDiskFPSet, DiskStateQueue).
Parsing file /private/tmp/tdf-ux-ui-20260917/formal/event-operations/FanHubOnboarding.tla
Parsing file /private/var/folders/0s/0tg301f95s51dvsjf74ksxjm0000gn/T/Naturals.tla
Parsing file /private/var/folders/0s/0tg301f95s51dvsjf74ksxjm0000gn/T/FiniteSets.tla
Parsing file /private/var/folders/0s/0tg301f95s51dvsjf74ksxjm0000gn/T/TLC.tla
Parsing file /private/var/folders/0s/0tg301f95s51dvsjf74ksxjm0000gn/T/Sequences.tla
Semantic processing of module Naturals
Semantic processing of module Sequences
Semantic processing of module FiniteSets
Semantic processing of module TLC
Semantic processing of module FanHubOnboarding
Starting... (2026-09-17 16:06:20)
Computing initial states...
Finished computing initial states: 1 distinct state generated at 2026-09-17 16:06:20.
Error: Invariant CurrentContext is violated.
Error: The behavior up to this point is:
State 1: <Initial predicate>
/\ pending = {}
/\ contextOK = TRUE
/\ hidden = FALSE
/\ gen = 0
/\ readGen = 0
/\ consentOK = TRUE
/\ eligible = FALSE
/\ known = FALSE
/\ captured = <<0, 0>>
/\ terminalOK = TRUE

State 2: <Change line 11, col 11 to line 13, col 87 of module FanHubOnboarding>
/\ pending = {}
/\ contextOK = TRUE
/\ hidden = FALSE
/\ gen = 1
/\ readGen = 0
/\ consentOK = TRUE
/\ eligible = FALSE
/\ known = FALSE
/\ captured = <<0, 0>>
/\ terminalOK = TRUE

State 3: <Read line 18, col 3 to line 22, col 81 of module FanHubOnboarding>
/\ pending = {}
/\ contextOK = FALSE
/\ hidden = FALSE
/\ gen = 1
/\ readGen = 0
/\ consentOK = TRUE
/\ eligible = TRUE
/\ known = TRUE
/\ captured = <<0, 0>>
/\ terminalOK = TRUE

12 states generated, 7 distinct states found, 4 states left on queue.
The depth of the complete state graph search is 3.
The average outdegree of the complete state graph is 3 (minimum is 3, the maximum 3 and the 95th percentile is 3).
Finished in 00s at (2026-09-17 16:06:20)
Picked up JAVA_TOOL_OPTIONS: -Xmx512m
TLC2 Version 2.17 of 02 February 2022 (rev: 3c7caa5)
Running breadth-first search Model-Checking with fp 85 and seed -2328192099233903848 with 1 worker on 16 cores with 455MB heap and 64MB offheap memory [pid: 9925] (Mac OS X 14.7.7 x86_64, Homebrew 21.0.12.1 x86_64, MSBDiskFPSet, DiskStateQueue).
Parsing file /private/tmp/tdf-ux-ui-20260917/formal/event-operations/FanHubOnboarding.tla
Parsing file /private/var/folders/0s/0tg301f95s51dvsjf74ksxjm0000gn/T/Naturals.tla
Parsing file /private/var/folders/0s/0tg301f95s51dvsjf74ksxjm0000gn/T/FiniteSets.tla
Parsing file /private/var/folders/0s/0tg301f95s51dvsjf74ksxjm0000gn/T/TLC.tla
Parsing file /private/var/folders/0s/0tg301f95s51dvsjf74ksxjm0000gn/T/Sequences.tla
Semantic processing of module Naturals
Semantic processing of module Sequences
Semantic processing of module FiniteSets
Semantic processing of module TLC
Semantic processing of module FanHubOnboarding
Starting... (2026-09-17 16:06:21)
Computing initial states...
Finished computing initial states: 1 distinct state generated at 2026-09-17 16:06:21.
Error: Invariant SingleFlight is violated.
Error: The behavior up to this point is:
State 1: <Initial predicate>
/\ pending = {}
/\ contextOK = TRUE
/\ hidden = FALSE
/\ gen = 0
/\ readGen = 0
/\ consentOK = TRUE
/\ eligible = FALSE
/\ known = FALSE
/\ captured = <<0, 0>>
/\ terminalOK = TRUE

State 2: <Read line 18, col 3 to line 22, col 81 of module FanHubOnboarding>
/\ pending = {}
/\ contextOK = TRUE
/\ hidden = FALSE
/\ gen = 0
/\ readGen = 0
/\ consentOK = TRUE
/\ eligible = TRUE
/\ known = TRUE
/\ captured = <<0, 0>>
/\ terminalOK = TRUE

State 3: <Exit line 24, col 3 to line 29, col 79 of module FanHubOnboarding>
/\ pending = {1}
/\ contextOK = TRUE
/\ hidden = FALSE
/\ gen = 0
/\ readGen = 0
/\ consentOK = TRUE
/\ eligible = TRUE
/\ known = TRUE
/\ captured = <<0, 0>>
/\ terminalOK = TRUE

State 4: <Exit line 24, col 3 to line 29, col 79 of module FanHubOnboarding>
/\ pending = {1, 2}
/\ contextOK = TRUE
/\ hidden = FALSE
/\ gen = 0
/\ readGen = 0
/\ consentOK = TRUE
/\ eligible = TRUE
/\ known = TRUE
/\ captured = <<0, 0>>
/\ terminalOK = TRUE

34 states generated, 16 distinct states found, 8 states left on queue.
The depth of the complete state graph search is 4.
The average outdegree of the complete state graph is 2 (minimum is 0, the maximum 3 and the 95th percentile is 3).
Finished in 00s at (2026-09-17 16:06:21)
Picked up JAVA_TOOL_OPTIONS: -Xmx512m
TLC2 Version 2.17 of 02 February 2022 (rev: 3c7caa5)
Running breadth-first search Model-Checking with fp 112 and seed 1370798426885431495 with 1 worker on 16 cores with 455MB heap and 64MB offheap memory [pid: 9943] (Mac OS X 14.7.7 x86_64, Homebrew 21.0.12.1 x86_64, MSBDiskFPSet, DiskStateQueue).
Parsing file /private/tmp/tdf-ux-ui-20260917/formal/event-operations/FanHubOnboarding.tla
Parsing file /private/var/folders/0s/0tg301f95s51dvsjf74ksxjm0000gn/T/Naturals.tla
Parsing file /private/var/folders/0s/0tg301f95s51dvsjf74ksxjm0000gn/T/FiniteSets.tla
Parsing file /private/var/folders/0s/0tg301f95s51dvsjf74ksxjm0000gn/T/TLC.tla
Parsing file /private/var/folders/0s/0tg301f95s51dvsjf74ksxjm0000gn/T/Sequences.tla
Semantic processing of module Naturals
Semantic processing of module Sequences
Semantic processing of module FiniteSets
Semantic processing of module TLC
Semantic processing of module FanHubOnboarding
Starting... (2026-09-17 16:06:22)
Computing initial states...
Finished computing initial states: 1 distinct state generated at 2026-09-17 16:06:23.
Error: Invariant TerminalOnly is violated.
Error: The behavior up to this point is:
State 1: <Initial predicate>
/\ pending = {}
/\ contextOK = TRUE
/\ hidden = FALSE
/\ gen = 0
/\ readGen = 0
/\ consentOK = TRUE
/\ eligible = FALSE
/\ known = FALSE
/\ captured = <<0, 0>>
/\ terminalOK = TRUE

State 2: <Read line 18, col 3 to line 22, col 81 of module FanHubOnboarding>
/\ pending = {}
/\ contextOK = TRUE
/\ hidden = FALSE
/\ gen = 0
/\ readGen = 0
/\ consentOK = TRUE
/\ eligible = TRUE
/\ known = TRUE
/\ captured = <<0, 0>>
/\ terminalOK = TRUE

State 3: <Exit line 24, col 3 to line 29, col 79 of module FanHubOnboarding>
/\ pending = {1}
/\ contextOK = TRUE
/\ hidden = FALSE
/\ gen = 0
/\ readGen = 0
/\ consentOK = TRUE
/\ eligible = TRUE
/\ known = TRUE
/\ captured = <<0, 0>>
/\ terminalOK = TRUE

State 4: <Receipt line 31, col 3 to line 37, col 69 of module FanHubOnboarding>
/\ pending = {}
/\ contextOK = TRUE
/\ hidden = TRUE
/\ gen = 0
/\ readGen = 0
/\ consentOK = TRUE
/\ eligible = TRUE
/\ known = TRUE
/\ captured = <<0, 0>>
/\ terminalOK = FALSE

32 states generated, 16 distinct states found, 8 states left on queue.
The depth of the complete state graph search is 4.
The average outdegree of the complete state graph is 2 (minimum is 0, the maximum 3 and the 95th percentile is 3).
Finished in 00s at (2026-09-17 16:06:23)
Picked up JAVA_TOOL_OPTIONS: -Xmx512m
00. run   EventOperationsScenario     0    1/1     SAT
Picked up JAVA_TOOL_OPTIONS: -Xmx512m
00. check ExactlyOneAccountable     0       UNSAT
Picked up JAVA_TOOL_OPTIONS: -Xmx512m
00. check RequiredResponsibleIsPresent     0       UNSAT
Picked up JAVA_TOOL_OPTIONS: -Xmx512m
00. check DependenciesAreAcyclic     0       UNSAT
Picked up JAVA_TOOL_OPTIONS: -Xmx512m
00. check ConfirmedContractUsesOneAcceptedVersion     0       UNSAT
Picked up JAVA_TOOL_OPTIONS: -Xmx512m
00. check ExclusiveConflictHasAuthorizedOverride     0       UNSAT
Picked up JAVA_TOOL_OPTIONS: -Xmx512m
00. check InvitationCannotExpandScopes     0       UNSAT
Picked up JAVA_TOOL_OPTIONS: -Xmx512m
00. check RestrictedReadRequiresEventRelationship     0       UNSAT
Picked up JAVA_TOOL_OPTIONS: -Xmx512m
00. check RaciAssignmentsAreNotOrphaned     0       UNSAT
Event operations formal verification passed within the documented finite bounds.
