
> tdf-app@0.2.0 test:e2e:web
> playwright test fanhub-onboarding.spec.mjs

[1A[2K[2m[WebServer] [22m(node:10457) Warning: The 'NO_COLOR' env is ignored due to the 'FORCE_COLOR' env being set.
[2m[WebServer] [22m(Use `node --trace-warnings ...` to show where the warning was created)

[1A[2K[2m[WebServer] [22m[plugin vite:reporter] 
[2m[WebServer] [22m(!) /private/tmp/tdf-ux-ui-20260917/tdf-hq-ui/src/analytics/onboardingProgress.ts is dynamically imported by /private/tmp/tdf-ux-ui-20260917/tdf-hq-ui/src/session/OnboardingRecovery.tsx but also statically imported by /private/tmp/tdf-ux-ui-20260917/tdf-hq-ui/src/pages/AccessRequestsPage.tsx, /private/tmp/tdf-ux-ui-20260917/tdf-hq-ui/src/pages/ArtistPublicPage.tsx, /private/tmp/tdf-ux-ui-20260917/tdf-hq-ui/src/pages/DirectorySearchPage.tsx, /private/tmp/tdf-ux-ui-20260917/tdf-hq-ui/src/pages/FanHubPage.tsx, /private/tmp/tdf-ux-ui-20260917/tdf-hq-ui/src/session/SessionContext.tsx, dynamic import will not move module into another chunk.
[2m[WebServer] [22m

[1A[2K[2m[WebServer] [22m
[2m[WebServer] [22m(!) Some chunks are larger than 500 kB after minification. Consider:
[2m[WebServer] [22m- Using dynamic import() to code-split the application
[2m[WebServer] [22m- Use build.rollupOptions.output.manualChunks to improve chunking: https://rollupjs.org/configuration-options/#output-manualchunks
[2m[WebServer] [22m- Adjust chunk size limit for this warning via build.chunkSizeWarningLimit.

[1A[2K[2m[WebServer] [22m(node:10528) Warning: The 'NO_COLOR' env is ignored due to the 'FORCE_COLOR' env being set.
[2m[WebServer] [22m(Use `node --trace-warnings ...` to show where the warning was created)

[1A[2K[2m[WebServer] [22m(node:10545) Warning: The 'NO_COLOR' env is ignored due to the 'FORCE_COLOR' env being set.
[2m[WebServer] [22m(Use `node --trace-warnings ...` to show where the warning was created)


Running 14 tests using 1 worker

[1A[2K(node:10548) Warning: The 'NO_COLOR' env is ignored due to the 'FORCE_COLOR' env being set.
(Use `node --trace-warnings ...` to show where the warning was created)


[1A[2K(node:10548) Warning: The 'NO_COLOR' env is ignored due to the 'FORCE_COLOR' env being set.
(Use `node --trace-warnings ...` to show where the warning was created)


[1A[2K[1/14] [chromium-desktop] › e2e/web/fanhub-onboarding.spec.mjs:52:1 › FanHub recovers reads and explicit keyboard exit without fake first value @critical
[1A[2K[2/14] [chromium-desktop] › e2e/web/fanhub-onboarding.spec.mjs:94:1 › FanHub does not show already-completed onboarding or submit another exit
[1A[2K[3/14] [chromium-desktop] › e2e/web/fanhub-onboarding.spec.mjs:104:1 › FanHub rejects a successful HTTP response with no authoritative progress
[1A[2K[4/14] [chromium-desktop] › e2e/web/fanhub-onboarding.spec.mjs:114:1 › FanHub guest English tips are local presentation, never account completion
[1A[2K(node:10583) Warning: The 'NO_COLOR' env is ignored due to the 'FORCE_COLOR' env being set.
(Use `node --trace-warnings ...` to show where the warning was created)


[1A[2K(node:10583) Warning: The 'NO_COLOR' env is ignored due to the 'FORCE_COLOR' env being set.
(Use `node --trace-warnings ...` to show where the warning was created)


[1A[2K[5/14] [chromium-phone] › e2e/web/fanhub-onboarding.spec.mjs:52:1 › FanHub recovers reads and explicit keyboard exit without fake first value @critical
[1A[2K[6/14] [chromium-phone] › e2e/web/fanhub-onboarding.spec.mjs:94:1 › FanHub does not show already-completed onboarding or submit another exit
[1A[2K[7/14] [chromium-phone] › e2e/web/fanhub-onboarding.spec.mjs:104:1 › FanHub rejects a successful HTTP response with no authoritative progress
[1A[2K[8/14] [chromium-phone] › e2e/web/fanhub-onboarding.spec.mjs:114:1 › FanHub guest English tips are local presentation, never account completion
[1A[2K(node:10595) Warning: The 'NO_COLOR' env is ignored due to the 'FORCE_COLOR' env being set.
(Use `node --trace-warnings ...` to show where the warning was created)


[1A[2K(node:10595) Warning: The 'NO_COLOR' env is ignored due to the 'FORCE_COLOR' env being set.
(Use `node --trace-warnings ...` to show where the warning was created)


[1A[2K[9/14] [chromium-tablet] › e2e/web/fanhub-onboarding.spec.mjs:52:1 › FanHub recovers reads and explicit keyboard exit without fake first value @critical
[1A[2K[10/14] [chromium-tablet] › e2e/web/fanhub-onboarding.spec.mjs:94:1 › FanHub does not show already-completed onboarding or submit another exit
[1A[2K[11/14] [chromium-tablet] › e2e/web/fanhub-onboarding.spec.mjs:104:1 › FanHub rejects a successful HTTP response with no authoritative progress
[1A[2K[12/14] [chromium-tablet] › e2e/web/fanhub-onboarding.spec.mjs:114:1 › FanHub guest English tips are local presentation, never account completion
[1A[2K(node:10630) Warning: The 'NO_COLOR' env is ignored due to the 'FORCE_COLOR' env being set.
(Use `node --trace-warnings ...` to show where the warning was created)


[1A[2K(node:10630) Warning: The 'NO_COLOR' env is ignored due to the 'FORCE_COLOR' env being set.
(Use `node --trace-warnings ...` to show where the warning was created)


[1A[2K[13/14] [firefox-critical] › e2e/web/fanhub-onboarding.spec.mjs:52:1 › FanHub recovers reads and explicit keyboard exit without fake first value @critical
[1A[2K(node:10681) Warning: The 'NO_COLOR' env is ignored due to the 'FORCE_COLOR' env being set.
(Use `node --trace-warnings ...` to show where the warning was created)


[1A[2K(node:10681) Warning: The 'NO_COLOR' env is ignored due to the 'FORCE_COLOR' env being set.
(Use `node --trace-warnings ...` to show where the warning was created)


[1A[2K[14/14] [webkit-critical] › e2e/web/fanhub-onboarding.spec.mjs:52:1 › FanHub recovers reads and explicit keyboard exit without fake first value @critical
[1A[2K  14 passed (1.1m)
