
> tdf-app@0.2.0 test:e2e:web
> playwright test --grep PW-PER-STORAGE --project chromium-desktop

[1A[2K[2m[WebServer] [22m(node:24053) Warning: The 'NO_COLOR' env is ignored due to the 'FORCE_COLOR' env being set.
[2m[WebServer] [22m(Use `node --trace-warnings ...` to show where the warning was created)

[1A[2K[2m[WebServer] [22m[plugin vite:reporter] 
[2m[WebServer] [22m(!) /private/tmp/tdf-ux-ui-20260917/tdf-hq-ui/src/analytics/onboardingProgress.ts is dynamically imported by /private/tmp/tdf-ux-ui-20260917/tdf-hq-ui/src/session/OnboardingRecovery.tsx but also statically imported by /private/tmp/tdf-ux-ui-20260917/tdf-hq-ui/src/pages/AccessRequestsPage.tsx, /private/tmp/tdf-ux-ui-20260917/tdf-hq-ui/src/pages/ArtistPublicPage.tsx, /private/tmp/tdf-ux-ui-20260917/tdf-hq-ui/src/pages/DirectorySearchPage.tsx, /private/tmp/tdf-ux-ui-20260917/tdf-hq-ui/src/pages/FanHubPage.tsx, /private/tmp/tdf-ux-ui-20260917/tdf-hq-ui/src/session/SessionContext.tsx, dynamic import will not move module into another chunk.
[2m[WebServer] [22m

[1A[2K[2m[WebServer] [22m
[2m[WebServer] [22m(!) Some chunks are larger than 500 kB after minification. Consider:
[2m[WebServer] [22m- Using dynamic import() to code-split the application
[2m[WebServer] [22m- Use build.rollupOptions.output.manualChunks to improve chunking: https://rollupjs.org/configuration-options/#output-manualchunks
[2m[WebServer] [22m- Adjust chunk size limit for this warning via build.chunkSizeWarningLimit.

[1A[2K[2m[WebServer] [22m(node:24322) Warning: The 'NO_COLOR' env is ignored due to the 'FORCE_COLOR' env being set.
[2m[WebServer] [22m(Use `node --trace-warnings ...` to show where the warning was created)

[1A[2K[2m[WebServer] [22m(node:24342) Warning: The 'NO_COLOR' env is ignored due to the 'FORCE_COLOR' env being set.
[2m[WebServer] [22m(Use `node --trace-warnings ...` to show where the warning was created)


Running 2 tests using 1 worker

[1A[2K(node:24345) Warning: The 'NO_COLOR' env is ignored due to the 'FORCE_COLOR' env being set.
(Use `node --trace-warnings ...` to show where the warning was created)


[1A[2K(node:24345) Warning: The 'NO_COLOR' env is ignored due to the 'FORCE_COLOR' env being set.
(Use `node --trace-warnings ...` to show where the warning was created)


[1A[2K[1/2] [chromium-desktop] › e2e/web/persona-public.spec.mjs:210:3 › @critical PW-PER-STORAGE keeps login available when browser storage denies operations
[1A[2K  1) [chromium-desktop] › e2e/web/persona-public.spec.mjs:210:3 › @critical PW-PER-STORAGE keeps login available when browser storage denies operations 

    Error: [2mexpect([22m[31mlocator[39m[2m).[22mtoBeVisible[2m([22m[2m)[22m failed

    Locator: getByRole('heading', { name: 'Iniciar sesión' })
    Expected: visible
    Timeout: 8000ms
    Error: element(s) not found

    Call log:
    [2m  - Expect "toBeVisible" with timeout 8000ms[22m
    [2m  - waiting for getByRole('heading', { name: 'Iniciar sesión' })[22m


      223 |     }, denial);
      224 |     await page.goto('/login');
    > 225 |     await expect(page.getByRole('heading', { name: 'Iniciar sesión' })).toBeVisible();
          |                                                                         ^
      226 |     await page.getByLabel('Usuario o correo *').fill('storage@persona.test');
      227 |     await page.getByLabel('Contraseña *').fill('synthetic-password');
      228 |     await page.getByRole('button', { name: 'Cambiar tema' }).click();
        at /private/tmp/tdf-ux-ui-20260917/e2e/web/persona-public.spec.mjs:225:73

    attachment #1: screenshot (image/png) ──────────────────────────────────────────────────────────
    artifacts/persona-playwright/test-results/persona-public--critical-P-84c5b-r-storage-denies-operations-chromium-desktop/test-failed-1.png
    ────────────────────────────────────────────────────────────────────────────────────────────────

    attachment #2: video (video/webm) ──────────────────────────────────────────────────────────────
    artifacts/persona-playwright/test-results/persona-public--critical-P-84c5b-r-storage-denies-operations-chromium-desktop/video.webm
    ────────────────────────────────────────────────────────────────────────────────────────────────

    Error Context: artifacts/persona-playwright/test-results/persona-public--critical-P-84c5b-r-storage-denies-operations-chromium-desktop/error-context.md

    attachment #4: trace (application/zip) ─────────────────────────────────────────────────────────
    artifacts/persona-playwright/test-results/persona-public--critical-P-84c5b-r-storage-denies-operations-chromium-desktop/trace.zip
    Usage:

        npx playwright show-trace artifacts/persona-playwright/test-results/persona-public--critical-P-84c5b-r-storage-denies-operations-chromium-desktop/trace.zip

    ────────────────────────────────────────────────────────────────────────────────────────────────


[1A[2K(node:24381) Warning: The 'NO_COLOR' env is ignored due to the 'FORCE_COLOR' env being set.
(Use `node --trace-warnings ...` to show where the warning was created)


[1A[2K(node:24381) Warning: The 'NO_COLOR' env is ignored due to the 'FORCE_COLOR' env being set.
(Use `node --trace-warnings ...` to show where the warning was created)


[1A[2K[2/2] [chromium-desktop] › e2e/web/persona-public.spec.mjs:210:3 › @critical PW-PER-STORAGE keeps login available when browser storage denies access
[1A[2K  2) [chromium-desktop] › e2e/web/persona-public.spec.mjs:210:3 › @critical PW-PER-STORAGE keeps login available when browser storage denies access 

    Error: [2mexpect([22m[31mlocator[39m[2m).[22mtoBeVisible[2m([22m[2m)[22m failed

    Locator: getByRole('heading', { name: 'Iniciar sesión' })
    Expected: visible
    Timeout: 8000ms
    Error: element(s) not found

    Call log:
    [2m  - Expect "toBeVisible" with timeout 8000ms[22m
    [2m  - waiting for getByRole('heading', { name: 'Iniciar sesión' })[22m


      223 |     }, denial);
      224 |     await page.goto('/login');
    > 225 |     await expect(page.getByRole('heading', { name: 'Iniciar sesión' })).toBeVisible();
          |                                                                         ^
      226 |     await page.getByLabel('Usuario o correo *').fill('storage@persona.test');
      227 |     await page.getByLabel('Contraseña *').fill('synthetic-password');
      228 |     await page.getByRole('button', { name: 'Cambiar tema' }).click();
        at /private/tmp/tdf-ux-ui-20260917/e2e/web/persona-public.spec.mjs:225:73

    attachment #1: screenshot (image/png) ──────────────────────────────────────────────────────────
    artifacts/persona-playwright/test-results/persona-public--critical-P-2988d-owser-storage-denies-access-chromium-desktop/test-failed-1.png
    ────────────────────────────────────────────────────────────────────────────────────────────────

    attachment #2: video (video/webm) ──────────────────────────────────────────────────────────────
    artifacts/persona-playwright/test-results/persona-public--critical-P-2988d-owser-storage-denies-access-chromium-desktop/video.webm
    ────────────────────────────────────────────────────────────────────────────────────────────────

    Error Context: artifacts/persona-playwright/test-results/persona-public--critical-P-2988d-owser-storage-denies-access-chromium-desktop/error-context.md

    attachment #4: trace (application/zip) ─────────────────────────────────────────────────────────
    artifacts/persona-playwright/test-results/persona-public--critical-P-2988d-owser-storage-denies-access-chromium-desktop/trace.zip
    Usage:

        npx playwright show-trace artifacts/persona-playwright/test-results/persona-public--critical-P-2988d-owser-storage-denies-access-chromium-desktop/trace.zip

    ────────────────────────────────────────────────────────────────────────────────────────────────


[1A[2K  2 failed
    [chromium-desktop] › e2e/web/persona-public.spec.mjs:210:3 › @critical PW-PER-STORAGE keeps login available when browser storage denies operations 
    [chromium-desktop] › e2e/web/persona-public.spec.mjs:210:3 › @critical PW-PER-STORAGE keeps login available when browser storage denies access 
